Component: ARM Compiler 5.06 update 6 (build 750) Tool: armlink [4d35ed]

==============================================================================

Section Cross References

    startup_stm32f10x_ld.o(STACK) refers (Special) to heapauxi.o(.text) for __use_two_region_memory
    startup_stm32f10x_ld.o(HEAP) refers (Special) to heapauxi.o(.text) for __use_two_region_memory
    startup_stm32f10x_ld.o(RESET) refers (Special) to heapauxi.o(.text) for __use_two_region_memory
    startup_stm32f10x_ld.o(RESET) refers to startup_stm32f10x_ld.o(STACK) for __initial_sp
    startup_stm32f10x_ld.o(RESET) refers to startup_stm32f10x_ld.o(.text) for Reset_Handler
    startup_stm32f10x_ld.o(RESET) refers to stm32f10x_it.o(i.NMI_Handler) for NMI_Handler
    startup_stm32f10x_ld.o(RESET) refers to stm32f10x_it.o(i.HardFault_Handler) for HardFault_Handler
    startup_stm32f10x_ld.o(RESET) refers to stm32f10x_it.o(i.MemManage_Handler) for MemManage_Handler
    startup_stm32f10x_ld.o(RESET) refers to stm32f10x_it.o(i.BusFault_Handler) for BusFault_Handler
    startup_stm32f10x_ld.o(RESET) refers to stm32f10x_it.o(i.UsageFault_Handler) for UsageFault_Handler
    startup_stm32f10x_ld.o(RESET) refers to stm32f10x_it.o(i.SVC_Handler) for SVC_Handler
    startup_stm32f10x_ld.o(RESET) refers to stm32f10x_it.o(i.DebugMon_Handler) for DebugMon_Handler
    startup_stm32f10x_ld.o(RESET) refers to stm32f10x_it.o(i.PendSV_Handler) for PendSV_Handler
    startup_stm32f10x_ld.o(RESET) refers to systick_delay.o(i.SysTick_Handler) for SysTick_Handler
    startup_stm32f10x_ld.o(.text) refers (Special) to heapauxi.o(.text) for __use_two_region_memory
    startup_stm32f10x_ld.o(.text) refers to system_stm32f10x.o(i.SystemInit) for SystemInit
    startup_stm32f10x_ld.o(.text) refers to __main.o(!!!main) for __main
    startup_stm32f10x_ld.o(.text) refers to startup_stm32f10x_ld.o(HEAP) for Heap_Mem
    startup_stm32f10x_ld.o(.text) refers to startup_stm32f10x_ld.o(STACK) for Stack_Mem
    stm32f10x_adc.o(i.ADC_DeInit) refers to stm32f10x_rcc.o(i.RCC_APB2PeriphResetCmd) for RCC_APB2PeriphResetCmd
    stm32f10x_bkp.o(i.BKP_DeInit) refers to stm32f10x_rcc.o(i.RCC_BackupResetCmd) for RCC_BackupResetCmd
    stm32f10x_can.o(i.CAN_DeInit) refers to stm32f10x_rcc.o(i.RCC_APB1PeriphResetCmd) for RCC_APB1PeriphResetCmd
    stm32f10x_can.o(i.CAN_GetITStatus) refers to stm32f10x_can.o(i.CheckITStatus) for CheckITStatus
    stm32f10x_cec.o(i.CEC_DeInit) refers to stm32f10x_rcc.o(i.RCC_APB1PeriphResetCmd) for RCC_APB1PeriphResetCmd
    stm32f10x_dac.o(i.DAC_DeInit) refers to stm32f10x_rcc.o(i.RCC_APB1PeriphResetCmd) for RCC_APB1PeriphResetCmd
    stm32f10x_flash.o(i.FLASH_EnableWriteProtection) refers to stm32f10x_flash.o(i.FLASH_WaitForLastOperation) for FLASH_WaitForLastOperation
    stm32f10x_flash.o(i.FLASH_EraseAllBank1Pages) refers to stm32f10x_flash.o(i.FLASH_WaitForLastBank1Operation) for FLASH_WaitForLastBank1Operation
    stm32f10x_flash.o(i.FLASH_EraseAllPages) refers to stm32f10x_flash.o(i.FLASH_WaitForLastOperation) for FLASH_WaitForLastOperation
    stm32f10x_flash.o(i.FLASH_EraseOptionBytes) refers to stm32f10x_flash.o(i.FLASH_GetReadOutProtectionStatus) for FLASH_GetReadOutProtectionStatus
    stm32f10x_flash.o(i.FLASH_EraseOptionBytes) refers to stm32f10x_flash.o(i.FLASH_WaitForLastOperation) for FLASH_WaitForLastOperation
    stm32f10x_flash.o(i.FLASH_ErasePage) refers to stm32f10x_flash.o(i.FLASH_WaitForLastOperation) for FLASH_WaitForLastOperation
    stm32f10x_flash.o(i.FLASH_ProgramHalfWord) refers to stm32f10x_flash.o(i.FLASH_WaitForLastOperation) for FLASH_WaitForLastOperation
    stm32f10x_flash.o(i.FLASH_ProgramOptionByteData) refers to stm32f10x_flash.o(i.FLASH_WaitForLastOperation) for FLASH_WaitForLastOperation
    stm32f10x_flash.o(i.FLASH_ProgramWord) refers to stm32f10x_flash.o(i.FLASH_WaitForLastOperation) for FLASH_WaitForLastOperation
    stm32f10x_flash.o(i.FLASH_ReadOutProtection) refers to stm32f10x_flash.o(i.FLASH_WaitForLastOperation) for FLASH_WaitForLastOperation
    stm32f10x_flash.o(i.FLASH_UserOptionByteConfig) refers to stm32f10x_flash.o(i.FLASH_WaitForLastOperation) for FLASH_WaitForLastOperation
    stm32f10x_flash.o(i.FLASH_WaitForLastBank1Operation) refers to stm32f10x_flash.o(i.FLASH_GetBank1Status) for FLASH_GetBank1Status
    stm32f10x_flash.o(i.FLASH_WaitForLastOperation) refers to stm32f10x_flash.o(i.FLASH_GetBank1Status) for FLASH_GetBank1Status
    stm32f10x_gpio.o(i.GPIO_AFIODeInit) refers to stm32f10x_rcc.o(i.RCC_APB2PeriphResetCmd) for RCC_APB2PeriphResetCmd
    stm32f10x_gpio.o(i.GPIO_DeInit) refers to stm32f10x_rcc.o(i.RCC_APB2PeriphResetCmd) for RCC_APB2PeriphResetCmd
    stm32f10x_i2c.o(i.I2C_DeInit) refers to stm32f10x_rcc.o(i.RCC_APB1PeriphResetCmd) for RCC_APB1PeriphResetCmd
    stm32f10x_i2c.o(i.I2C_Init) refers to stm32f10x_rcc.o(i.RCC_GetClocksFreq) for RCC_GetClocksFreq
[...]
    CL$$btod_edivd                           0x08001d16   Section       42  btod.o(CL$$btod_edivd)
    CL$$btod_emul                            0x08001d40   Section       42  btod.o(CL$$btod_emul)
    CL$$btod_emuld                           0x08001d6a   Section       42  btod.o(CL$$btod_emuld)
    CL$$btod_mult_common                     0x08001d94   Section      580  btod.o(CL$$btod_mult_common)
    i.BusFault_Handler                       0x08001fd8   Section        0  stm32f10x_it.o(i.BusFault_Handler)
    i.DebugMon_Handler                       0x08001fda   Section        0  stm32f10x_it.o(i.DebugMon_Handler)
    i.Delay_ms                               0x08001fdc   Section        0  systick_delay.o(i.Delay_ms)
    i.GPIO_Init                              0x08001ff6   Section        0  stm32f10x_gpio.o(i.GPIO_Init)
    i.Get_Key_Value                          0x08002094   Section        0  key.o(i.Get_Key_Value)
    i.Get_Operate_Number_And_Operate_Symbol_And_Calculate 0x08002564   Section        0  calculator.o(i.Get_Operate_Number_And_Operate_Symbol_And_Calculate)
    i.HardFault_Handler                      0x08002ce0   Section        0  stm32f10x_it.o(i.HardFault_Handler)
    i.KEY_Init                               0x08002ce4   Section        0  key.o(i.KEY_Init)
    i.LCD1602_Clear_Screen                   0x08002d50   Section        0  lcd1602.o(i.LCD1602_Clear_Screen)
    i.LCD1602_Display_Character              0x08002d56   Section        0  lcd1602.o(i.LCD1602_Display_Character)
    i.LCD1602_Display_String                 0x08002d7c   Section        0  lcd1602.o(i.LCD1602_Display_String)
    i.LCD1602_Init                           0x08002dc0   Section        0  lcd1602.o(i.LCD1602_Init)
    i.LCD1602_Write_Command                  0x08002e00   Section        0  lcd1602.o(i.LCD1602_Write_Command)
    i.LCD1602_Write_Data                     0x08002e3c   Section        0  lcd1602.o(i.LCD1602_Write_Data)
    i.MemManage_Handler                      0x08002e78   Section        0  stm32f10x_it.o(i.MemManage_Handler)
    i.NMI_Handler                            0x08002e7a   Section        0  stm32f10x_it.o(i.NMI_Handler)
    i.PendSV_Handler                         0x08002e7c   Section        0  stm32f10x_it.o(i.PendSV_Handler)
    i.RCC_ADCCLKConfig                       0x08002e80   Section        0  stm32f10x_rcc.o(i.RCC_ADCCLKConfig)
    i.RCC_APB2PeriphClockCmd                 0x08002e94   Section        0  stm32f10x_rcc.o(i.RCC_APB2PeriphClockCmd)
    i.RCC_DeInit                             0x08002eac   Section        0  stm32f10x_rcc.o(i.RCC_DeInit)
    i.RCC_GetFlagStatus                      0x08002eec   Section        0  stm32f10x_rcc.o(i.RCC_GetFlagStatus)
    i.RCC_GetSYSCLKSource                    0x08002f1c   Section        0  stm32f10x_rcc.o(i.RCC_GetSYSCLKSource)
    i.RCC_HCLKConfig                         0x08002f2c   Section        0  stm32f10x_rcc.o(i.RCC_HCLKConfig)
    i.RCC_HSICmd                             0x08002f40   Section        0  stm32f10x_rcc.o(i.RCC_HSICmd)
    i.RCC_PCLK1Config                        0x08002f4c   Section        0  stm32f10x_rcc.o(i.RCC_PCLK1Config)
    i.RCC_PCLK2Config                        0x08002f60   Section        0  stm32f10x_rcc.o(i.RCC_PCLK2Config)
    i.RCC_PLLCmd                             0x08002f74   Section        0  stm32f10x_rcc.o(i.RCC_PLLCmd)
    i.RCC_PLLConfig                          0x08002f80   Section        0  stm32f10x_rcc.o(i.RCC_PLLConfig)
    i.RCC_SYSCLKConfig                       0x08002f94   Section        0  stm32f10x_rcc.o(i.RCC_SYSCLKConfig)
    i.SVC_Handler                            0x08002fa8   Section        0  stm32f10x_it.o(i.SVC_Handler)
    i.SetSysClockTo48_HSI                    0x08002faa   Section        0  system_stm32f10x.o(i.SetSysClockTo48_HSI)
    i.SysTick_Handler                        0x08003006   Section        0  systick_delay.o(i.SysTick_Handler)
    i.SystemInit                             0x08003008   Section        0  system_stm32f10x.o(i.SystemInit)
    i.UsageFault_Handler                     0x08003058   Section        0  stm32f10x_it.o(i.UsageFault_Handler)
    i.__ARM_fpclassify                       0x0800305a   Section        0  fpclassify.o(i.__ARM_fpclassify)
    i.__ieee754_rem_pio2                     0x08003084   Section        0  rred.o(i.__ieee754_rem_pio2)
    i.__kernel_cos                           0x0800340c   Section        0  cos_i.o(i.__kernel_cos)
    i.__kernel_poly                          0x08003508   Section        0  poly.o(i.__kernel_poly)
    i.__kernel_sin                           0x080035b4   Section        0  sin_i.o(i.__kernel_sin)
    i.__kernel_tan                           0x080036a0   Section        0  tan_i.o(i.__kernel_tan)
    i.__mathlib_dbl_divzero                  0x0800391c   Section        0  dunder.o(i.__mathlib_dbl_divzero)
    i.__mathlib_dbl_infnan                   0x0800392c   Section        0  dunder.o(i.__mathlib_dbl_infnan)
    i.__mathlib_dbl_infnan2                  0x08003932   Section        0  dunder.o(i.__mathlib_dbl_infnan2)
    i.__mathlib_dbl_invalid                  0x08003936   Section        0  dunder.o(i.__mathlib_dbl_invalid)
    i.__mathlib_dbl_overflow                 0x08003942   Section        0  dunder.o(i.__mathlib_dbl_overflow)
    i.__mathlib_dbl_posinfnan                0x08003950   Section        0  dunder.o(i.__mathlib_dbl_posinfnan)
    i.__mathlib_dbl_underflow                0x08003958   Section        0  dunder.o(i.__mathlib_dbl_underflow)
    i.__mathlib_expm1                        0x08003968   Section        0  expm1_i.o(i.__mathlib_expm1)
    i.__mathlib_narrow                       0x08003cf4   Section        0  narrow.o(i.__mathlib_narrow)
    i.__mathlib_tofloat                      0x08003d04   Section        0  narrow.o(i.__mathlib_tofloat)
    i.__support_ldexp                        0x08003dc0   Section        0  ldexp.o(i.__support_ldexp)
    i._is_digit                              0x08003dd6   Section        0  __printf_wp.o(i._is_digit)
    i.acos                                   0x08003de4   Section        0  acos.o(i.acos)
    i.asin                                   0x08004060   Section        0  asin.o(i.asin)
    i.atan                                   0x080042d0   Section        0  atan.o(i.atan)
    i.atof                                   0x080044f0   Section        0  atof.o(i.atof)
    i.cos                                    0x0800451c   Section        0  cos.o(i.cos)
    i.cosh                                   0x080045b8   Section        0  cosh.o(i.cosh)
    i.exp                                    0x080046f4   Section        0  exp.o(i.exp)
    i.frexp                                  0x08004978   Section        0  frexp.o(i.frexp)
    i.ldexp                                  0x080049d0   Section        0  ldexp.o(i.ldexp)
    i.log                                    0x08004a44   Section        0  log.o(i.log)
    i.log10                                  0x08004da0   Section        0  log10.o(i.log10)
    i.main                                   0x08004e84   Section        0  main.o(i.main)
    i.pow                                    0x08004e94   Section        0  pow.o(i.pow)
    i.sin                                    0x0800586c   Section        0  sin.o(i.sin)
    i.sinh                                   0x0800590c   Section        0  sinh.o(i.sinh)
    i.sqrt                                   0x08005a74   Section        0  sqrt.o(i.sqrt)
    i.tan                                    0x08005ac0   Section        0  tan.o(i.tan)
    i.tanh                                   0x08005b24   Section        0  tanh.o(i.tanh)
    locale$$code                             0x08005bf8   Section       44  lc_numeric_c.o(locale$$code)
    locale$$code                             0x08005c24   Section       44  lc_ctype_c.o(locale$$code)
    x$fpl$d2f                                0x08005c50   Section       98  d2f.o(x$fpl$d2f)
    x$fpl$dadd                               0x08005cb4   Section      336  daddsub_clz.o(x$fpl$dadd)
    _dadd1                                   0x08005cc5   Thumb Code     0  daddsub_clz.o(x$fpl$dadd)
    x$fpl$dcheck1                            0x08005e04   Section       16  dcheck1.o(x$fpl$dcheck1)
    x$fpl$dcmpinf                            0x08005e14   Section       24  dcmpi.o(x$fpl$dcmpinf)
    x$fpl$ddiv                               0x08005e2c   Section      688  ddiv.o(x$fpl$ddiv)
    ddiv_entry                               0x08005e33   Thumb Code     0  ddiv.o(x$fpl$ddiv)
    x$fpl$deqf                               0x080060dc   Section      120  deqf.o(x$fpl$deqf)
    x$fpl$dfix                               0x08006154   Section       94  dfix.o(x$fpl$dfix)
    x$fpl$dflt                               0x080061b2   Section       46  dflt_clz.o(x$fpl$dflt)
    x$fpl$dfltu                              0x080061e0   Section       38  dflt_clz.o(x$fpl$dfltu)
    x$fpl$dleqf                              0x08006208   Section      120  dleqf.o(x$fpl$dleqf)
    x$fpl$dmul                               0x08006280   Section      340  dmul.o(x$fpl$dmul)
    x$fpl$dnaninf                            0x080063d4   Section      156  dnaninf.o(x$fpl$dnaninf)
    x$fpl$dretinf                            0x08006470   Section       12  dretinf.o(x$fpl$dretinf)
    x$fpl$drleqf                             0x0800647c   Section      108  drleqf.o(x$fpl$drleqf)
    x$fpl$drsb                               0x080064e8   Section       22  daddsub_clz.o(x$fpl$drsb)
    x$fpl$dsqrt                              0x08006500   Section      460  dsqrt_noumaal.o(x$fpl$dsqrt)
    x$fpl$dsub                               0x080066cc   Section      468  daddsub_clz.o(x$fpl$dsub)
    _dsub1                                   0x080066dd   Thumb Code     0  daddsub_clz.o(x$fpl$dsub)
    x$fpl$f2d                                0x080068a0   Section       86  f2d.o(x$fpl$f2d)
    x$fpl$fadd                               0x080068f8   Section      196  faddsub_clz.o(x$fpl$fadd)
    _fadd1                                   0x08006907   Thumb Code     0  faddsub_clz.o(x$fpl$fadd)
    x$fpl$fdiv                               0x080069bc   Section      388  fdiv.o(x$fpl$fdiv)
    _fdiv1                                   0x080069bd   Thumb Code     0  fdiv.o(x$fpl$fdiv)
    x$fpl$ffix                               0x08006b40   Section       54  ffix.o(x$fpl$ffix)
    x$fpl$fflt                               0x08006b78   Section       48  fflt_clz.o(x$fpl$fflt)
    x$fpl$ffltu                              0x08006ba8   Section       38  fflt_clz.o(x$fpl$ffltu)
    x$fpl$fmul                               0x08006bd0   Section      258  fmul.o(x$fpl$fmul)
    x$fpl$fnaninf                            0x08006cd2   Section      140  fnaninf.o(x$fpl$fnaninf)
    x$fpl$fretinf                            0x08006d5e   Section       10  fretinf.o(x$fpl$fretinf)
    x$fpl$fsub                               0x08006d68   Section      234  faddsub_clz.o(x$fpl$fsub)
    _fsub1                                   0x08006d77   Thumb Code     0  faddsub_clz.o(x$fpl$fsub)
    x$fpl$ieeestatus                         0x08006e52   Section        6  istatus.o(x$fpl$ieeestatus)
    x$fpl$printf1                            0x08006e58   Section        4  printf1.o(x$fpl$printf1)
    x$fpl$retnan                             0x08006e5c   Section      100  retnan.o(x$fpl$retnan)
    x$fpl$scalbn                             0x08006ec0   Section       92  scalbn.o(x$fpl$scalbn)
    x$fpl$scanf1                             0x08006f1c   Section        4  scanf1.o(x$fpl$scanf1)
    x$fpl$scanf2                             0x08006f20   Section        8  scanf2.o(x$fpl$scanf2)
    x$fpl$trapveneer                         0x08006f28   Section       48  trapv.o(x$fpl$trapveneer)
    .constdata                               0x08006f58   Section       80  acos.o(.constdata)
    x$fpl$usenofp                            0x08006f58   Section        0  usenofp.o(x$fpl$usenofp)
    pS                                       0x08006f58   Data          48  acos.o(.constdata)
    qS                                       0x08006f88   Data          32  acos.o(.constdata)
    .constdata                               0x08006fa8   Section       80  asin.o(.constdata)
    pS                                       0x08006fa8   Data          48  asin.o(.constdata)
    qS                                       0x08006fd8   Data          32  asin.o(.constdata)
    .constdata                               0x08006ff8   Section      152  atan.o(.constdata)
    atanhi                                   0x08006ff8   Data          32  atan.o(.constdata)
    atanlo                                   0x08007018   Data          32  atan.o(.constdata)
    aTodd                                    0x08007038   Data          40  atan.o(.constdata)
    aTeven                                   0x08007060   Data          48  atan.o(.constdata)
    .constdata                               0x08007090   Section        8  cosh.o(.constdata)
    one                                      0x08007090   Data           8  cosh.o(.constdata)
    .constdata                               0x08007098   Section       88  exp.o(.constdata)
    halF                                     0x08007098   Data          16  exp.o(.constdata)
    ln2HI                                    0x080070a8   Data          16  exp.o(.constdata)
    ln2LO                                    0x080070b8   Data          16  exp.o(.constdata)
    P                                        0x080070c8   Data          40  exp.o(.constdata)
    .constdata                               0x080070f0   Section       56  log.o(.constdata)
    Lg2                                      0x080070f0   Data          24  log.o(.constdata)
    Lg                                       0x08007108   Data          32  log.o(.constdata)
    .constdata                               0x08007128   Section      136  pow.o(.constdata)
    bp                                       0x08007128   Data          16  pow.o(.constdata)
    dp_h                                     0x08007138   Data          16  pow.o(.constdata)
    dp_l                                     0x08007148   Data          16  pow.o(.constdata)
    L                                        0x08007158   Data          48  pow.o(.constdata)
    P                                        0x08007188   Data          40  pow.o(.constdata)
    .constdata                               0x080071b0   Section        8  sinh.o(.constdata)
    one                                      0x080071b0   Data           8  sinh.o(.constdata)
    .constdata                               0x080071b8   Section       48  cos_i.o(.constdata)
    C                                        0x080071b8   Data          48  cos_i.o(.constdata)
    .constdata                               0x080071e8   Section       40  expm1_i.o(.constdata)
    Q                                        0x080071e8   Data          40  expm1_i.o(.constdata)
    .constdata                               0x08007210   Section        8  qnan.o(.constdata)
    .constdata                               0x08007218   Section      200  rred.o(.constdata)
    pio2s                                    0x08007218   Data          48  rred.o(.constdata)
    twooverpi                                0x08007248   Data         152  rred.o(.constdata)
    .constdata                               0x080072e0   Section       40  sin_i.o(.constdata)
    S                                        0x080072e0   Data          40  sin_i.o(.constdata)
    .constdata                               0x08007308   Section       96  tan_i.o(.constdata)
    Todd                                     0x08007308   Data          48  tan_i.o(.constdata)
    Teven                                    0x08007338   Data          48  tan_i.o(.constdata)
    .constdata                               0x08007368   Section      148  bigflt0.o(.constdata)
    tenpwrs_x                                0x08007368   Data          60  bigflt0.o(.constdata)
    tenpwrs_i                                0x080073a4   Data          64  bigflt0.o(.constdata)
    c$$dinf                                  0x0800741c   Section        8  fpconst.o(c$$dinf)
    c$$dmax                                  0x08007424   Section        8  fpconst.o(c$$dmax)
    locale$$data                             0x0800742c   Section       28  lc_numeric_c.o(locale$$data)
    __lcnum_c_name                           0x08007430   Data           2  lc_numeric_c.o(locale$$data)
    __lcnum_c_start                          0x08007438   Data           0  lc_numeric_c.o(locale$$data)
    __lcnum_c_point                          0x08007444   Data           0  lc_numeric_c.o(locale$$data)
    __lcnum_c_thousands                      0x08007446   Data           0  lc_numeric_c.o(locale$$data)
    __lcnum_c_grouping                       0x08007447   Data           0  lc_numeric_c.o(locale$$data)
    locale$$data                             0x08007448   Section      272  lc_ctype_c.o(locale$$data)
    __lcnum_c_end                            0x08007448   Data           0  lc_numeric_c.o(locale$$data)
    __lcctype_c_name                         0x0800744c   Data           2  lc_ctype_c.o(locale$$data)
    __lcctype_c_start                        0x08007454   Data           0  lc_ctype_c.o(locale$$data)
    __lcctype_c_end                          0x08007558   Data           0  lc_ctype_c.o(locale$$data)
    .data                                    0x20000000   Section       32  calculator.o(.data)
    .bss                                     0x20000020   Section       34  calculator.o(.bss)
    .bss                                     0x20000044   Section       96  libspace.o(.bss)
    HEAP                                     0x200000a8   Section      512  startup_stm32f10x_ld.o(HEAP)
    Heap_Mem                                 0x200000a8   Data         512  startup_stm32f10x_ld.o(HEAP)
    STACK                                    0x200002a8   Section     1024  startup_stm32f10x_ld.o(STACK)
    Stack_Mem                                0x200002a8   Data        1024  startup_stm32f10x_ld.o(STACK)
    __initial_sp                             0x200006a8   Data           0  startup_stm32f10x_ld.o(STACK)

    Global Symbols

    Symbol Name                              Value     Ov Type        Size  Object(Section)

    BuildAttributes$$THM_ISAv4$P$D$K$B$S$PE$A:L22UL41UL21$X:L11$S22US41US21$IEEE1$IW$USESV6$~STKCKD$USESV7$~SHL$OTIME$ROPI$IEEEX$EBA8$UX$STANDARDLIB$REQ8$PRES8$EABIv2 0x00000000   Number         0  anon$$obj.o ABSOLUTE
    __ARM_use_no_argv                        0x00000000   Number         0  main.o ABSOLUTE
    __ARM_exceptions_init                     - Undefined Weak Reference
    __alloca_initialize                       - Undefined Weak Reference
    __arm_preinit_                            - Undefined Weak Reference
    __cpp_initialize__aeabi_                  - Undefined Weak Reference
    __cxa_finalize                            - Undefined Weak Reference
    __sigvec_lookup                           - Undefined Weak Reference
    _atexit_init                              - Undefined Weak Reference
    _call_atexit_fns                          - Undefined Weak Reference
    _clock_init                               - Undefined Weak Reference
    _fp_trap_init                             - Undefined Weak Reference
    _fp_trap_shutdown                         - Undefined Weak Reference
    _get_lc_collate                           - Undefined Weak Reference
    _get_lc_monetary                          - Undefined Weak Reference
    _get_lc_time                              - Undefined Weak Reference
    _getenv_init                              - Undefined Weak Reference
    _handle_redirection                       - Undefined Weak Reference
    _init_alloc                               - Undefined Weak Reference
    _init_user_alloc                          - Undefined Weak Reference
    _initio                                   - Undefined Weak Reference
    _printf_mbtowc                            - Undefined Weak Reference
    _printf_post_padding                      - Undefined Weak Reference
    _printf_pre_padding                       - Undefined Weak Reference
    _printf_truncate_signed                   - Undefined Weak Reference
    _printf_truncate_unsigned                 - Undefined Weak Reference
    _rand_init                                - Undefined Weak Reference
    _signal_finish                            - Undefined Weak Reference
    _signal_init                              - Undefined Weak Reference
    _terminate_alloc                          - Undefined Weak Reference
    _terminate_user_alloc                     - Undefined Weak Reference
    _terminateio                              - Undefined Weak Reference
    __Vectors_Size                           0x000000ec   Number         0  startup_stm32f10x_ld.o ABSOLUTE
    __Vectors                                0x08000000   Data           4  startup_stm32f10x_ld.o(RESET)
    __Vectors_End                            0x080000ec   Data           0  startup_stm32f10x_ld.o(RESET)
    __main                                   0x080000ed   Thumb Code     8  __main.o(!!!main)
    __scatterload                            0x080000f5   Thumb Code     0  __scatter.o(!!!scatter)
    __scatterload_rt2                        0x080000f5   Thumb Code    44  __scatter.o(!!!scatter)
    __scatterload_rt2_thumb_only             0x080000f5   Thumb Code     0  __scatter.o(!!!scatter)
    __scatterload_null                       0x08000103   Thumb Code     0  __scatter.o(!!!scatter)
    __scatterload_copy                       0x08000129   Thumb Code    26  __scatter_copy.o(!!handler_copy)
    __scatterload_zeroinit                   0x08000145   Thumb Code    28  __scatter_zi.o(!!handler_zi)
    _printf_g                                0x08000161   Thumb Code     0  _printf_g.o(.ARM.Collect$$_printf_percent$$00000005)
    _printf_percent                          0x08000161   Thumb Code     0  _printf_percent.o(.ARM.Collect$$_printf_percent$$00000000)
    _printf_d                                0x08000167   Thumb Code     0  _printf_d.o(.ARM.Collect$$_printf_percent$$00000009)
    _printf_s                                0x0800016d   Thumb Code     0  _printf_s.o(.ARM.Collect$$_printf_percent$$00000014)
    _printf_percent_end                      0x08000173   Thumb Code     0  _printf_percent_end.o(.ARM.Collect$$_printf_percent$$00000017)
    __rt_lib_init                            0x08000177   Thumb Code     0  libinit.o(.ARM.Collect$$libinit$$00000000)
    __rt_lib_init_fp_1                       0x08000179   Thumb Code     0  libinit2.o(.ARM.Collect$$libinit$$00000002)
    __rt_lib_init_heap_1                     0x08000179   Thumb Code     0  libinit2.o(.ARM.Collect$$libinit$$0000000A)
    __rt_lib_init_lc_common                  0x08000179   Thumb Code     0  libinit2.o(.ARM.Collect$$libinit$$0000000F)
    __rt_lib_init_preinit_1                  0x08000179   Thumb Code     0  libinit2.o(.ARM.Collect$$libinit$$00000004)
    __rt_lib_init_rand_1                     0x08000179   Thumb Code     0  libinit2.o(.ARM.Collect$$libinit$$0000000E)
    __rt_lib_init_user_alloc_1               0x08000179   Thumb Code     0  libinit2.o(.ARM.Collect$$libinit$$0000000C)
    __rt_lib_init_lc_collate_1               0x0800017f   Thumb Code     0  libinit2.o(.ARM.Collect$$libinit$$00000011)
    __rt_lib_init_lc_ctype_2                 0x0800017f   Thumb Code     0  libinit2.o(.ARM.Collect$$libinit$$00000012)
    __rt_lib_init_lc_ctype_1                 0x0800018b   Thumb Code     0  libinit2.o(.ARM.Collect$$libinit$$00000013)
    __rt_lib_init_lc_monetary_1              0x0800018b   Thumb Code     0  libinit2.o(.ARM.Collect$$libinit$$00000015)
    __rt_lib_init_lc_numeric_2               0x0800018b   Thumb Code     0  libinit2.o(.ARM.Collect$$libinit$$00000016)
    __rt_lib_init_alloca_1                   0x08000195   Thumb Code     0  libinit2.o(.ARM.Collect$$libinit$$0000002E)
    __rt_lib_init_argv_1                     0x08000195   Thumb Code     0  libinit2.o(.ARM.Collect$$libinit$$0000002C)
    __rt_lib_init_atexit_1                   0x08000195   Thumb Code     0  libinit2.o(.ARM.Collect$$libinit$$0000001B)
    __rt_lib_init_clock_1                    0x08000195   Thumb Code     0  libinit2.o(.ARM.Collect$$libinit$$00000021)
    __rt_lib_init_cpp_1                      0x08000195   Thumb Code     0  libinit2.o(.ARM.Collect$$libinit$$00000032)
    __rt_lib_init_exceptions_1               0x08000195   Thumb Code     0  libinit2.o(.ARM.Collect$$libinit$$00000030)
    __rt_lib_init_fp_trap_1                  0x08000195   Thumb Code     0  libinit2.o(.ARM.Collect$$libinit$$0000001F)
    __rt_lib_init_getenv_1                   0x08000195   Thumb Code     0  libinit2.o(.ARM.Collect$$libinit$$00000023)
    __rt_lib_init_lc_numeric_1               0x08000195   Thumb Code     0  libinit2.o(.ARM.Collect$$libinit$$00000017)
    __rt_lib_init_lc_time_1                  0x08000195   Thumb Code     0  libinit2.o(.ARM.Collect$$libinit$$00000019)
    __rt_lib_init_return                     0x08000195   Thumb Code     0  libinit2.o(.ARM.Collect$$libinit$$00000033)
    __rt_lib_init_signal_1                   0x08000195   Thumb Code     0  libinit2.o(.ARM.Collect$$libinit$$0000001D)
    __rt_lib_init_stdio_1                    0x08000195   Thumb Code     0  libinit2.o(.ARM.Collect$$libinit$$00000025)
    __rt_lib_shutdown                        0x08000197   Thumb Code     0  libshutdown.o(.ARM.Collect$$libshutdown$$00000000)
    __rt_lib_shutdown_cpp_1                  0x08000199   Thumb Code     0  libshutdown2.o(.ARM.Collect$$libshutdown$$00000002)
    __rt_lib_shutdown_fp_trap_1              0x08000199   Thumb Code     0  libshutdown2.o(.ARM.Collect$$libshutdown$$00000007)
    __rt_lib_shutdown_heap_1                 0x08000199   Thumb Code     0  libshutdown2.o(.ARM.Collect$$libshutdown$$0000000F)
    __rt_lib_shutdown_return                 0x08000199   Thumb Code     0  libshutdown2.o(.ARM.Collect$$libshutdown$$00000010)
    __rt_lib_shutdown_signal_1               0x08000199   Thumb Code     0  libshutdown2.o(.ARM.Collect$$libshutdown$$0000000A)
    __rt_lib_shutdown_stdio_1                0x08000199   Thumb Code     0  libshutdown2.o(.ARM.Collect$$libshutdown$$00000004)
    __rt_lib_shutdown_user_alloc_1           0x08000199   Thumb Code     0  libshutdown2.o(.ARM.Collect$$libshutdown$$0000000C)
    __rt_entry                               0x0800019b   Thumb Code     0  __rtentry.o(.ARM.Collect$$rtentry$$00000000)
    __rt_entry_presh_1                       0x0800019b   Thumb Code     0  __rtentry2.o(.ARM.Collect$$rtentry$$00000002)
    __rt_entry_sh                            0x0800019b   Thumb Code     0  __rtentry4.o(.ARM.Collect$$rtentry$$00000004)
    __rt_entry_li                            0x080001a1   Thumb Code     0  __rtentry2.o(.ARM.Collect$$rtentry$$0000000A)
    __rt_entry_postsh_1                      0x080001a1   Thumb Code     0  __rtentry2.o(.ARM.Collect$$rtentry$$00000009)
    __rt_entry_main                          0x080001a5   Thumb Code     0  __rtentry2.o(.ARM.Collect$$rtentry$$0000000D)
    __rt_entry_postli_1                      0x080001a5   Thumb Code     0  __rtentry2.o(.ARM.Collect$$rtentry$$0000000C)
    __rt_exit                                0x080001ad   Thumb Code     0  rtexit.o(.ARM.Collect$$rtexit$$00000000)
    __rt_exit_ls                             0x080001af   Thumb Code     0  rtexit2.o(.ARM.Collect$$rtexit$$00000003)
    __rt_exit_prels_1                        0x080001af   Thumb Code     0  rtexit2.o(.ARM.Collect$$rtexit$$00000002)
    __rt_exit_exit                           0x080001b3   Thumb Code     0  rtexit2.o(.ARM.Collect$$rtexit$$00000004)
    Reset_Handler                            0x080001b9   Thumb Code     8  startup_stm32f10x_ld.o(.text)
    ADC1_2_IRQHandler                        0x080001d3   Thumb Code     0  startup_stm32f10x_ld.o(.text)
    CAN1_RX1_IRQHandler                      0x080001d3   Thumb Code     0  startup_stm32f10x_ld.o(.text)
    CAN1_SCE_IRQHandler                      0x080001d3   Thumb Code     0  startup_stm32f10x_ld.o(.text)
    DMA1_Channel1_IRQHandler                 0x080001d3   Thumb Code     0  startup_stm32f10x_ld.o(.text)
    DMA1_Channel2_IRQHandler                 0x080001d3   Thumb Code     0  startup_stm32f10x_ld.o(.text)
    DMA1_Channel3_IRQHandler                 0x080001d3   Thumb Code     0  startup_stm32f10x_ld.o(.text)
    DMA1_Channel4_IRQHandler                 0x080001d3   Thumb Code     0  startup_stm32f10x_ld.o(.text)
    DMA1_Channel5_IRQHandler                 0x080001d3   Thumb Code     0  startup_stm32f10x_ld.o(.text)
    DMA1_Channel6_IRQHandler                 0x080001d3   Thumb Code     0  startup_stm32f10x_ld.o(.text)
    DMA1_Channel7_IRQHandler                 0x080001d3   Thumb Code     0  startup_stm32f10x_ld.o(.text)
    EXTI0_IRQHandler                         0x080001d3   Thumb Code     0  startup_stm32f10x_ld.o(.text)
    EXTI15_10_IRQHandler                     0x080001d3   Thumb Code     0  startup_stm32f10x_ld.o(.text)
    EXTI1_IRQHandler                         0x080001d3   Thumb Code     0  startup_stm32f10x_ld.o(.text)
    EXTI2_IRQHandler                         0x080001d3   Thumb Code     0  startup_stm32f10x_ld.o(.text)
    EXTI3_IRQHandler                         0x080001d3   Thumb Code     0  startup_stm32f10x_ld.o(.text)
    EXTI4_IRQHandler                         0x080001d3   Thumb Code     0  startup_stm32f10x_ld.o(.text)
    EXTI9_5_IRQHandler                       0x080001d3   Thumb Code     0  startup_stm32f10x_ld.o(.text)
    FLASH_IRQHandler                         0x080001d3   Thumb Code     0  startup_stm32f10x_ld.o(.text)
    I2C1_ER_IRQHandler                       0x080001d3   Thumb Code     0  startup_stm32f10x_ld.o(.text)
    I2C1_EV_IRQHandler                       0x080001d3   Thumb Code     0  startup_stm32f10x_ld.o(.text)
    PVD_IRQHandler                           0x080001d3   Thumb Code     0  startup_stm32f10x_ld.o(.text)
    RCC_IRQHandler                           0x080001d3   Thumb Code     0  startup_stm32f10x_ld.o(.text)
    RTCAlarm_IRQHandler                      0x080001d3   Thumb Code     0  startup_stm32f10x_ld.o(.text)
    RTC_IRQHandler                           0x080001d3   Thumb Code     0  startup_stm32f10x_ld.o(.text)
    SPI1_IRQHandler                          0x080001d3   Thumb Code     0  startup_stm32f10x_ld.o(.text)
    TAMPER_IRQHandler                        0x080001d3   Thumb Code     0  startup_stm32f10x_ld.o(.text)
    TIM1_BRK_IRQHandler                      0x080001d3   Thumb Code     0  startup_stm32f10x_ld.o(.text)
    TIM1_CC_IRQHandler                       0x080001d3   Thumb Code     0  startup_stm32f10x_ld.o(.text)
    TIM1_TRG_COM_IRQHandler                  0x080001d3   Thumb Code     0  startup_stm32f10x_ld.o(.text)
    TIM1_UP_IRQHandler                       0x080001d3   Thumb Code     0  startup_stm32f10x_ld.o(.text)
    TIM2_IRQHandler                          0x080001d3   Thumb Code     0  startup_stm32f10x_ld.o(.text)
    TIM3_IRQHandler                          0x080001d3   Thumb Code     0  startup_stm32f10x_ld.o(.text)
    USART1_IRQHandler                        0x080001d3   Thumb Code     0  startup_stm32f10x_ld.o(.text)
    USART2_IRQHandler                        0x080001d3   Thumb Code     0  startup_stm32f10x_ld.o(.text)
    USBWakeUp_IRQHandler                     0x080001d3   Thumb Code     0  startup_stm32f10x_ld.o(.text)
    USB_HP_CAN1_TX_IRQHandler                0x080001d3   Thumb Code     0  startup_stm32f10x_ld.o(.text)
    USB_LP_CAN1_RX0_IRQHandler               0x080001d3   Thumb Code     0  startup_stm32f10x_ld.o(.text)
    WWDG_IRQHandler                          0x080001d3   Thumb Code     0  startup_stm32f10x_ld.o(.text)
    __user_initial_stackheap                 0x080001d5   Thumb Code     0  startup_stm32f10x_ld.o(.text)
    __2sprintf                               0x080001f9   Thumb Code    34  noretval__2sprintf.o(.text)
    __printf                                 0x08000221   Thumb Code   104  __printf.o(.text)
    _printf_str                              0x08000289   Thumb Code    82  _printf_str.o(.text)
    _printf_int_dec                          0x080002dd   Thumb Code   104  _printf_dec.o(.text)
    atol                                     0x08000355   Thumb Code    26  atol.o(.text)
    strchr                                   0x0800036f   Thumb Code    20  strchr.o(.text)
    __use_two_region_memory                  0x08000383   Thumb Code     2  heapauxi.o(.text)
    __rt_heap_escrow$2region                 0x08000385   Thumb Code     2  heapauxi.o(.text)
    __rt_heap_expand$2region                 0x08000387   Thumb Code     2  heapauxi.o(.text)
    __aeabi_errno_addr                       0x08000389   Thumb Code     8  rt_errno_addr_intlibspace.o(.text)
    __errno$intlibspace                      0x08000389   Thumb Code     0  rt_errno_addr_intlibspace.o(.text)
    __rt_errno_addr$intlibspace              0x08000389   Thumb Code     0  rt_errno_addr_intlibspace.o(.text)
    __read_errno                             0x08000391   Thumb Code    10  _rserrno.o(.text)
    __set_errno                              0x0800039b   Thumb Code    12  _rserrno.o(.text)
    _printf_int_common                       0x080003a7   Thumb Code   178  _printf_intcommon.o(.text)
    __lib_sel_fp_printf                      0x08000459   Thumb Code     2  _printf_fp_dec.o(.text)
    _printf_fp_dec_real                      0x0800060b   Thumb Code   620  _printf_fp_dec.o(.text)
    _printf_char_common                      0x08000883   Thumb Code    32  _printf_char_common.o(.text)
    _sputc                                   0x080008a9   Thumb Code    10  _sputc.o(.text)
    _printf_cs_common                        0x080008b3   Thumb Code    20  _printf_char.o(.text)
    _printf_char                             0x080008c7   Thumb Code    16  _printf_char.o(.text)
    _printf_string                           0x080008d7   Thumb Code     8  _printf_char.o(.text)
    __strtod_int                             0x0800091d   Thumb Code    90  strtod.o(.text)
    strtol                                   0x08000985   Thumb Code   112  strtol.o(.text)
    __user_libspace                          0x080009f5   Thumb Code     8  libspace.o(.text)
    __user_perproc_libspace                  0x080009f5   Thumb Code     0  libspace.o(.text)
    __user_perthread_libspace                0x080009f5   Thumb Code     0  libspace.o(.text)
    __rt_ctype_table                         0x080009fd   Thumb Code    16  rt_ctype_table.o(.text)
    __rt_locale                              0x08000a0d   Thumb Code     8  rt_locale_intlibspace.o(.text)
    _ll_udiv10                               0x08000a15   Thumb Code   138  lludiv10.o(.text)
    isspace                                  0x08000a9f   Thumb Code    18  isspace.o(.text)
    _printf_fp_infnan                        0x08000ab1   Thumb Code   112  _printf_fp_infnan.o(.text)
    _sgetc                                   0x08000b31   Thumb Code    30  _sgetc.o(.text)
    _sbackspace                              0x08000b4f   Thumb Code    34  _sgetc.o(.text)
    _strtoul                                 0x08000b71   Thumb Code   158  _strtoul.o(.text)
    _btod_etento                             0x08000c11   Thumb Code   224  bigflt0.o(.text)
    __user_setup_stackheap                   0x08000cf5   Thumb Code    74  sys_stackheap_outer.o(.text)
    _chval                                   0x08000d3f   Thumb Code    28  _chval.o(.text)
    _scanf_really_real                       0x08000fa9   Thumb Code   684  scanf_fp.o(.text)
    exit                                     0x08001255   Thumb Code    18  exit.o(.text)
    strcmp                                   0x08001269   Thumb Code   128  strcmpv7m.o(.text)
    _scanf_really_hex_real                   0x080012e9   Thumb Code   786  scanf_hexfp.o(.text)
    _scanf_really_infnan                     0x08001609   Thumb Code   292  scanf_infnan.o(.text)
    _sys_exit                                0x0800173d   Thumb Code     8  sys_exit.o(.text)
    __aeabi_llsl                             0x08001749   Thumb Code     0  llshl.o(.text)
    _ll_shift_l                              0x08001749   Thumb Code    38  llshl.o(.text)
    __I$use$semihosting                      0x0800176f   Thumb Code     0  use_no_semi.o(.text)
    __use_no_semihosting_swi                 0x0800176f   Thumb Code     2  use_no_semi.o(.text)
    __semihosting_library_function           0x08001771   Thumb Code     0  indicate_semi.o(.text)
    _btod_d2e                                0x08001771   Thumb Code    62  btod.o(CL$$btod_d2e)
    _d2e_denorm_low                          0x080017af   Thumb Code    70  btod.o(CL$$btod_d2e_denorm_low)
    _d2e_norm_op1                            0x080017f5   Thumb Code    96  btod.o(CL$$btod_d2e_norm_op1)
    __btod_div_common                        0x08001855   Thumb Code   696  btod.o(CL$$btod_div_common)
    _e2d                                     0x08001b8d   Thumb Code   122  btod.o(CL$$btod_e2d)
    _e2e                                     0x08001c11   Thumb Code   220  btod.o(CL$$btod_e2e)
    _btod_ediv                               0x08001ced   Thumb Code    42  btod.o(CL$$btod_ediv)
    _btod_edivd                              0x08001d17   Thumb Code    42  btod.o(CL$$btod_edivd)
    _btod_emul                               0x08001d41   Thumb Code    42  btod.o(CL$$btod_emul)
    _btod_emuld                              0x08001d6b   Thumb Code    42  btod.o(CL$$btod_emuld)
    __btod_mult_common                       0x08001d95   Thumb Code   580  btod.o(CL$$btod_mult_common)
    BusFault_Handler                         0x08001fd9   Thumb Code     2  stm32f10x_it.o(i.BusFault_Handler)
    DebugMon_Handler                         0x08001fdb   Thumb Code     2  stm32f10x_it.o(i.DebugMon_Handler)
    Delay_ms                                 0x08001fdd   Thumb Code    26  systick_delay.o(i.Delay_ms)
    GPIO_Init                                0x08001ff7   Thumb Code   156  stm32f10x_gpio.o(i.GPIO_Init)
    Get_Key_Value                            0x08002095   Thumb Code  1232  key.o(i.Get_Key_Value)
    Get_Operate_Number_And_Operate_Symbol_And_Calculate 0x08002565   Thumb Code  1856  calculator.o(i.Get_Operate_Number_And_Operate_Symbol_And_Calculate)
    HardFault_Handler                        0x08002ce1   Thumb Code     2  stm32f10x_it.o(i.HardFault_Handler)
    KEY_Init                                 0x08002ce5   Thumb Code    98  key.o(i.KEY_Init)
    LCD1602_Clear_Screen                     0x08002d51   Thumb Code     6  lcd1602.o(i.LCD1602_Clear_Screen)
    LCD1602_Display_Character                0x08002d57   Thumb Code    38  lcd1602.o(i.LCD1602_Display_Character)
    LCD1602_Display_String                   0x08002d7d   Thumb Code    66  lcd1602.o(i.LCD1602_Display_String)
    LCD1602_Init                             0x08002dc1   Thumb Code    58  lcd1602.o(i.LCD1602_Init)
    LCD1602_Write_Command                    0x08002e01   Thumb Code    50  lcd1602.o(i.LCD1602_Write_Command)
    LCD1602_Write_Data                       0x08002e3d   Thumb Code    52  lcd1602.o(i.LCD1602_Write_Data)
    MemManage_Handler                        0x08002e79   Thumb Code     2  stm32f10x_it.o(i.MemManage_Handler)
    NMI_Handler                              0x08002e7b   Thumb Code     2  stm32f10x_it.o(i.NMI_Handler)
    PendSV_Handler                           0x08002e7d   Thumb Code     2  stm32f10x_it.o(i.PendSV_Handler)
    RCC_ADCCLKConfig                         0x08002e81   Thumb Code    14  stm32f10x_rcc.o(i.RCC_ADCCLKConfig)
    RCC_APB2PeriphClockCmd                   0x08002e95   Thumb Code    18  stm32f10x_rcc.o(i.RCC_APB2PeriphClockCmd)
    RCC_DeInit                               0x08002ead   Thumb Code    50  stm32f10x_rcc.o(i.RCC_DeInit)
    RCC_GetFlagStatus                        0x08002eed   Thumb Code    42  stm32f10x_rcc.o(i.RCC_GetFlagStatus)
    RCC_GetSYSCLKSource                      0x08002f1d   Thumb Code    10  stm32f10x_rcc.o(i.RCC_GetSYSCLKSource)
    RCC_HCLKConfig                           0x08002f2d   Thumb Code    14  stm32f10x_rcc.o(i.RCC_HCLKConfig)
    RCC_HSICmd                               0x08002f41   Thumb Code     6  stm32f10x_rcc.o(i.RCC_HSICmd)
    RCC_PCLK1Config                          0x08002f4d   Thumb Code    14  stm32f10x_rcc.o(i.RCC_PCLK1Config)
    RCC_PCLK2Config                          0x08002f61   Thumb Code    16  stm32f10x_rcc.o(i.RCC_PCLK2Config)
    RCC_PLLCmd                               0x08002f75   Thumb Code     6  stm32f10x_rcc.o(i.RCC_PLLCmd)
    RCC_PLLConfig                            0x08002f81   Thumb Code    16  stm32f10x_rcc.o(i.RCC_PLLConfig)
    RCC_SYSCLKConfig                         0x08002f95   Thumb Code    14  stm32f10x_rcc.o(i.RCC_SYSCLKConfig)
    SVC_Handler                              0x08002fa9   Thumb Code     2  stm32f10x_it.o(i.SVC_Handler)
    SetSysClockTo48_HSI                      0x08002fab   Thumb Code    92  system_stm32f10x.o(i.SetSysClockTo48_HSI)
    SysTick_Handler                          0x08003007   Thumb Code     2  systick_delay.o(i.SysTick_Handler)
    SystemInit                               0x08003009   Thumb Code    64  system_stm32f10x.o(i.SystemInit)
    UsageFault_Handler                       0x08003059   Thumb Code     2  stm32f10x_it.o(i.UsageFault_Handler)
    __ARM_fpclassify                         0x0800305b   Thumb Code    40  fpclassify.o(i.__ARM_fpclassify)
    __ieee754_rem_pio2                       0x08003085   Thumb Code   828  rred.o(i.__ieee754_rem_pio2)
    __kernel_cos                             0x0800340d   Thumb Code   230  cos_i.o(i.__kernel_cos)
    __kernel_poly                            0x08003509   Thumb Code   170  poly.o(i.__kernel_poly)
    __kernel_sin                             0x080035b5   Thumb Code   224  sin_i.o(i.__kernel_sin)
    __kernel_tan                             0x080036a1   Thumb Code   586  tan_i.o(i.__kernel_tan)
    __mathlib_dbl_divzero                    0x0800391d   Thumb Code    12  dunder.o(i.__mathlib_dbl_divzero)
    __mathlib_dbl_infnan                     0x0800392d   Thumb Code     6  dunder.o(i.__mathlib_dbl_infnan)
    __mathlib_dbl_infnan2                    0x08003933   Thumb Code     4  dunder.o(i.__mathlib_dbl_infnan2)
    __mathlib_dbl_invalid                    0x08003937   Thumb Code    12  dunder.o(i.__mathlib_dbl_invalid)
    __mathlib_dbl_overflow                   0x08003943   Thumb Code    14  dunder.o(i.__mathlib_dbl_overflow)
    __mathlib_dbl_posinfnan                  0x08003951   Thumb Code     8  dunder.o(i.__mathlib_dbl_posinfnan)
    __mathlib_dbl_underflow                  0x08003959   Thumb Code    10  dunder.o(i.__mathlib_dbl_underflow)
    __mathlib_expm1                          0x08003969   Thumb Code   812  expm1_i.o(i.__mathlib_expm1)
    __mathlib_narrow                         0x08003cf5   Thumb Code    16  narrow.o(i.__mathlib_narrow)
    __mathlib_tofloat                        0x08003d05   Thumb Code   184  narrow.o(i.__mathlib_tofloat)
    __support_ldexp                          0x08003dc1   Thumb Code    22  ldexp.o(i.__support_ldexp)
    _is_digit                                0x08003dd7   Thumb Code    14  __printf_wp.o(i._is_digit)
    acos                                     0x08003de5   Thumb Code   574  acos.o(i.acos)
    asin                                     0x08004061   Thumb Code   572  asin.o(i.asin)
    atan                                     0x080042d1   Thumb Code   474  atan.o(i.atan)
    atof                                     0x080044f1   Thumb Code    42  atof.o(i.atof)
    cos                                      0x0800451d   Thumb Code   148  cos.o(i.cos)
    cosh                                     0x080045b9   Thumb Code   278  cosh.o(i.cosh)
    exp                                      0x080046f5   Thumb Code   554  exp.o(i.exp)
    frexp                                    0x08004979   Thumb Code    80  frexp.o(i.frexp)
    ldexp                                    0x080049d1   Thumb Code   116  ldexp.o(i.ldexp)
    log                                      0x08004a45   Thumb Code   808  log.o(i.log)
    log10                                    0x08004da1   Thumb Code   198  log10.o(i.log10)
    main                                     0x08004e85   Thumb Code    14  main.o(i.main)
    pow                                      0x08004e95   Thumb Code  2512  pow.o(i.pow)
    sin                                      0x0800586d   Thumb Code   150  sin.o(i.sin)
    sinh                                     0x0800590d   Thumb Code   318  sinh.o(i.sinh)
    sqrt                                     0x08005a75   Thumb Code    76  sqrt.o(i.sqrt)
    tan                                      0x08005ac1   Thumb Code    90  tan.o(i.tan)
    tanh                                     0x08005b25   Thumb Code   198  tanh.o(i.tanh)
    _get_lc_numeric                          0x08005bf9   Thumb Code    44  lc_numeric_c.o(locale$$code)
    _get_lc_ctype                            0x08005c25   Thumb Code    44  lc_ctype_c.o(locale$$code)
    __aeabi_d2f                              0x08005c51   Thumb Code     0  d2f.o(x$fpl$d2f)
    _d2f                                     0x08005c51   Thumb Code    98  d2f.o(x$fpl$d2f)
    __aeabi_dadd                             0x08005cb5   Thumb Code     0  daddsub_clz.o(x$fpl$dadd)
    _dadd                                    0x08005cb5   Thumb Code   332  daddsub_clz.o(x$fpl$dadd)
    __fpl_dcheck_NaN1                        0x08005e05   Thumb Code    10  dcheck1.o(x$fpl$dcheck1)
    __fpl_dcmp_Inf                           0x08005e15   Thumb Code    24  dcmpi.o(x$fpl$dcmpinf)
    __aeabi_ddiv                             0x08005e2d   Thumb Code     0  ddiv.o(x$fpl$ddiv)
    _ddiv                                    0x08005e2d   Thumb Code   552  ddiv.o(x$fpl$ddiv)
    __aeabi_cdcmpeq                          0x080060dd   Thumb Code     0  deqf.o(x$fpl$deqf)
    _dcmpeq                                  0x080060dd   Thumb Code   120  deqf.o(x$fpl$deqf)
    __aeabi_d2iz                             0x08006155   Thumb Code     0  dfix.o(x$fpl$dfix)
    _dfix                                    0x08006155   Thumb Code    94  dfix.o(x$fpl$dfix)
    __aeabi_i2d                              0x080061b3   Thumb Code     0  dflt_clz.o(x$fpl$dflt)
    _dflt                                    0x080061b3   Thumb Code    46  dflt_clz.o(x$fpl$dflt)
    __aeabi_ui2d                             0x080061e1   Thumb Code     0  dflt_clz.o(x$fpl$dfltu)
    _dfltu                                   0x080061e1   Thumb Code    38  dflt_clz.o(x$fpl$dfltu)
    __aeabi_cdcmple                          0x08006209   Thumb Code     0  dleqf.o(x$fpl$dleqf)
    _dcmple                                  0x08006209   Thumb Code   120  dleqf.o(x$fpl$dleqf)
    __fpl_dcmple_InfNaN                      0x0800626b   Thumb Code     0  dleqf.o(x$fpl$dleqf)
    __aeabi_dmul                             0x08006281   Thumb Code     0  dmul.o(x$fpl$dmul)
    _dmul                                    0x08006281   Thumb Code   332  dmul.o(x$fpl$dmul)
    __fpl_dnaninf                            0x080063d5   Thumb Code   156  dnaninf.o(x$fpl$dnaninf)
    __fpl_dretinf                            0x08006471   Thumb Code    12  dretinf.o(x$fpl$dretinf)
    __aeabi_cdrcmple                         0x0800647d   Thumb Code     0  drleqf.o(x$fpl$drleqf)
    _drcmple                                 0x0800647d   Thumb Code   108  drleqf.o(x$fpl$drleqf)
    __aeabi_drsub                            0x080064e9   Thumb Code     0  daddsub_clz.o(x$fpl$drsb)
    _drsb                                    0x080064e9   Thumb Code    22  daddsub_clz.o(x$fpl$drsb)
    _dsqrt                                   0x08006501   Thumb Code   456  dsqrt_noumaal.o(x$fpl$dsqrt)
    __aeabi_dsub                             0x080066cd   Thumb Code     0  daddsub_clz.o(x$fpl$dsub)
    _dsub                                    0x080066cd   Thumb Code   464  daddsub_clz.o(x$fpl$dsub)
    __aeabi_f2d                              0x080068a1   Thumb Code     0  f2d.o(x$fpl$f2d)
    _f2d                                     0x080068a1   Thumb Code    86  f2d.o(x$fpl$f2d)
    __aeabi_fadd                             0x080068f9   Thumb Code     0  faddsub_clz.o(x$fpl$fadd)
    _fadd                                    0x080068f9   Thumb Code   196  faddsub_clz.o(x$fpl$fadd)
    __aeabi_fdiv                             0x080069bd   Thumb Code     0  fdiv.o(x$fpl$fdiv)
    _fdiv                                    0x080069bd   Thumb Code   384  fdiv.o(x$fpl$fdiv)
    __aeabi_f2iz                             0x08006b41   Thumb Code     0  ffix.o(x$fpl$ffix)
    _ffix                                    0x08006b41   Thumb Code    54  ffix.o(x$fpl$ffix)
    __aeabi_i2f                              0x08006b79   Thumb Code     0  fflt_clz.o(x$fpl$fflt)
    _fflt                                    0x08006b79   Thumb Code    48  fflt_clz.o(x$fpl$fflt)
    __aeabi_ui2f                             0x08006ba9   Thumb Code     0  fflt_clz.o(x$fpl$ffltu)
    _ffltu                                   0x08006ba9   Thumb Code    38  fflt_clz.o(x$fpl$ffltu)
    __aeabi_fmul                             0x08006bd1   Thumb Code     0  fmul.o(x$fpl$fmul)
    _fmul                                    0x08006bd1   Thumb Code   258  fmul.o(x$fpl$fmul)
    __fpl_fnaninf                            0x08006cd3   Thumb Code   140  fnaninf.o(x$fpl$fnaninf)
    __fpl_fretinf                            0x08006d5f   Thumb Code    10  fretinf.o(x$fpl$fretinf)
    __aeabi_fsub                             0x08006d69   Thumb Code     0  faddsub_clz.o(x$fpl$fsub)
    _fsub                                    0x08006d69   Thumb Code   234  faddsub_clz.o(x$fpl$fsub)
    __ieee_status                            0x08006e53   Thumb Code     6  istatus.o(x$fpl$ieeestatus)
    _printf_fp_dec                           0x08006e59   Thumb Code     4  printf1.o(x$fpl$printf1)
    __fpl_return_NaN                         0x08006e5d   Thumb Code   100  retnan.o(x$fpl$retnan)
    __ARM_scalbn                             0x08006ec1   Thumb Code    92  scalbn.o(x$fpl$scalbn)
    _scanf_real                              0x08006f1d   Thumb Code     4  scanf1.o(x$fpl$scanf1)
    _scanf_hex_real                          0x08006f21   Thumb Code     4  scanf2.o(x$fpl$scanf2)
    _scanf_infnan                            0x08006f25   Thumb Code     4  scanf2.o(x$fpl$scanf2)
    __fpl_cmpreturn                          0x08006f29   Thumb Code    48  trapv.o(x$fpl$trapveneer)
    __I$use$fp                               0x08006f58   Number         0  usenofp.o(x$fpl$usenofp)
    __mathlib_zero                           0x08007210   Data           8  qnan.o(.constdata)
    Region$$Table$$Base                      0x080073fc   Number         0  anon$$obj.o(Region$$Table)
    Region$$Table$$Limit                     0x0800741c   Number         0  anon$$obj.o(Region$$Table)
    __aeabi_HUGE_VAL                         0x0800741c   Data           0  fpconst.o(c$$dinf)
    __aeabi_HUGE_VALL                        0x0800741c   Data           0  fpconst.o(c$$dinf)
    __aeabi_INFINITY                         0x0800741c   Data           0  fpconst.o(c$$dinf)
    __dInf                                   0x0800741c   Data           0  fpconst.o(c$$dinf)
    __huge_val                               0x0800741c   Data           0  fpconst.o(c$$dinf)
    __dbl_max                                0x08007424   Data           0  fpconst.o(c$$dmax)
    __ctype                                  0x08007455   Data           0  lc_ctype_c.o(locale$$data)
    Key_Value_Temp                           0x20000000   Data           1  calculator.o(.data)
    Operate_Symbol                           0x20000001   Data           1  calculator.o(.data)
    Save_Operate_Number2_Position            0x20000002   Data           1  calculator.o(.data)
    Input_Number                             0x20000003   Data           1  calculator.o(.data)
    Operate_Symbol_Flag                      0x20000004   Data           1  calculator.o(.data)
    Operate_Number2_Flag                     0x20000005   Data           1  calculator.o(.data)
    Calculate_Complete_Flag                  0x20000006   Data           1  calculator.o(.data)
    Operate_Number1                          0x20000008   Data           4  calculator.o(.data)
    Operate_Number2                          0x2000000c   Data           4  calculator.o(.data)
    Calculate_Result                         0x20000010   Data           4  calculator.o(.data)
    Operate_Number1_Float                    0x20000014   Data           4  calculator.o(.data)
    Operate_Number2_Float                    0x20000018   Data           4  calculator.o(.data)
    Calculate_Result_Float                   0x2000001c   Data           4  calculator.o(.data)
    Save_Operate_Number1                     0x20000020   Data          11  calculator.o(.bss)
    Save_Operate_Number2                     0x2000002b   Data          11  calculator.o(.bss)
    Result                                   0x20000036   Data          12  calculator.o(.bss)
    __libspace_start                         0x20000044   Data          96  libspace.o(.bss)
    __temporary_stack_top$libspace           0x200000a4   Data           0  libspace.o(.bss)



==============================================================================

Memory Map of the image

  Image Entry point : 0x080000ed

  Load Region LR_IROM1 (Base: 0x08000000, Size: 0x00007578, Max: 0x00008000, ABSOLUTE)

    Execution Region ER_IROM1 (Exec base: 0x08000000, Load base: 0x08000000, Size: 0x00007558, Max: 0x00008000, ABSOLUTE)

    Exec Addr    Load Addr    Size         Type   Attr      Idx    E Section Name        Object

    0x08000000   0x08000000   0x000000ec   Data   RO           19    RESET               startup_stm32f10x_ld.o
    0x080000ec   0x080000ec   0x00000008   Code   RO         3376  * !!!main             c_w.l(__main.o)
    0x080000f4   0x080000f4   0x00000034   Code   RO         3907    !!!scatter          c_w.l(__scatter.o)
    0x08000128   0x08000128   0x0000001a   Code   RO         3909    !!handler_copy      c_w.l(__scatter_copy.o)
    0x08000142   0x08000142   0x00000002   PAD
    0x08000144   0x08000144   0x0000001c   Code   RO         3911    !!handler_zi        c_w.l(__scatter_zi.o)
    0x08000160   0x08000160   0x00000000   Code   RO         3369    .ARM.Collect$$_printf_percent$$00000000  c_w.l(_printf_percent.o)
    0x08000160   0x08000160   0x00000006   Code   RO         3368    .ARM.Collect$$_printf_percent$$00000005  c_w.l(_printf_g.o)
    0x08000166   0x08000166   0x00000006   Code   RO         3367    .ARM.Collect$$_printf_percent$$00000009  c_w.l(_printf_d.o)
    0x0800016c   0x0800016c   0x00000006   Code   RO         3366    .ARM.Collect$$_printf_percent$$00000014  c_w.l(_printf_s.o)
    0x08000172   0x08000172   0x00000004   Code   RO         3562    .ARM.Collect$$_printf_percent$$00000017  c_w.l(_printf_percent_end.o)
    0x08000176   0x08000176   0x00000002   Code   RO         3738    .ARM.Collect$$libinit$$00000000  c_w.l(libinit.o)
    0x08000178   0x08000178   0x00000000   Code   RO         3740    .ARM.Collect$$libinit$$00000002  c_w.l(libinit2.o)
    0x08000178   0x08000178   0x00000000   Code   RO         3742    .ARM.Collect$$libinit$$00000004  c_w.l(libinit2.o)
    0x08000178   0x08000178   0x00000000   Code   RO         3745    .ARM.Collect$$libinit$$0000000A  c_w.l(libinit2.o)
    0x08000178   0x08000178   0x00000000   Code   RO         3747    .ARM.Collect$$libinit$$0000000C  c_w.l(libinit2.o)
    0x08000178   0x08000178   0x00000000   Code   RO         3749    .ARM.Collect$$libinit$$0000000E  c_w.l(libinit2.o)
    0x08000178   0x08000178   0x00000006   Code   RO         3750    .ARM.Collect$$libinit$$0000000F  c_w.l(libinit2.o)
    0x0800017e   0x0800017e   0x00000000   Code   RO         3752    .ARM.Collect$$libinit$$00000011  c_w.l(libinit2.o)
    0x0800017e   0x0800017e   0x0000000c   Code   RO         3753    .ARM.Collect$$libinit$$00000012  c_w.l(libinit2.o)
    0x0800018a   0x0800018a   0x00000000   Code   RO         3754    .ARM.Collect$$libinit$$00000013  c_w.l(libinit2.o)
    0x0800018a   0x0800018a   0x00000000   Code   RO         3756    .ARM.Collect$$libinit$$00000015  c_w.l(libinit2.o)
    0x0800018a   0x0800018a   0x0000000a   Code   RO         3757    .ARM.Collect$$libinit$$00000016  c_w.l(libinit2.o)
    0x08000194   0x08000194   0x00000000   Code   RO         3758    .ARM.Collect$$libinit$$00000017  c_w.l(libinit2.o)
    0x08000194   0x08000194   0x00000000   Code   RO         3760    .ARM.Collect$$libinit$$00000019  c_w.l(libinit2.o)
    0x08000194   0x08000194   0x00000000   Code   RO         3762    .ARM.Collect$$libinit$$0000001B  c_w.l(libinit2.o)
    0x08000194   0x08000194   0x00000000   Code   RO         3764    .ARM.Collect$$libinit$$0000001D  c_w.l(libinit2.o)
    0x08000194   0x08000194   0x00000000   Code   RO         3766    .ARM.Collect$$libinit$$0000001F  c_w.l(libinit2.o)
    0x08000194   0x08000194   0x00000000   Code   RO         3768    .ARM.Collect$$libinit$$00000021  c_w.l(libinit2.o)
    0x08000194   0x08000194   0x00000000   Code   RO         3770    .ARM.Collect$$libinit$$00000023  c_w.l(libinit2.o)
    0x08000194   0x08000194   0x00000000   Code   RO         3772    .ARM.Collect$$libinit$$00000025  c_w.l(libinit2.o)
    0x08000194   0x08000194   0x00000000   Code   RO         3776    .ARM.Collect$$libinit$$0000002C  c_w.l(libinit2.o)
    0x08000194   0x08000194   0x00000000   Code   RO         3778    .ARM.Collect$$libinit$$0000002E  c_w.l(libinit2.o)
    0x08000194   0x08000194   0x00000000   Code   RO         3780    .ARM.Collect$$libinit$$00000030  c_w.l(libinit2.o)
    0x08000194   0x08000194   0x00000000   Code   RO         3782    .ARM.Collect$$libinit$$00000032  c_w.l(libinit2.o)
    0x08000194   0x08000194   0x00000002   Code   RO         3783    .ARM.Collect$$libinit$$00000033  c_w.l(libinit2.o)
    0x08000196   0x08000196   0x00000002   Code   RO         3843    .ARM.Collect$$libshutdown$$00000000  c_w.l(libshutdown.o)
    0x08000198   0x08000198   0x00000000   Code   RO         3866    .ARM.Collect$$libshutdown$$00000002  c_w.l(libshutdown2.o)
    0x08000198   0x08000198   0x00000000   Code   RO         3868    .ARM.Collect$$libshutdown$$00000004  c_w.l(libshutdown2.o)
    0x08000198   0x08000198   0x00000000   Code   RO         3871    .ARM.Collect$$libshutdown$$00000007  c_w.l(libshutdown2.o)
    0x08000198   0x08000198   0x00000000   Code   RO         3874    .ARM.Collect$$libshutdown$$0000000A  c_w.l(libshutdown2.o)
    0x08000198   0x08000198   0x00000000   Code   RO         3876    .ARM.Collect$$libshutdown$$0000000C  c_w.l(libshutdown2.o)
    0x08000198   0x08000198   0x00000000   Code   RO         3879    .ARM.Collect$$libshutdown$$0000000F  c_w.l(libshutdown2.o)
    0x08000198   0x08000198   0x00000002   Code   RO         3880    .ARM.Collect$$libshutdown$$00000010  c_w.l(libshutdown2.o)
    0x0800019a   0x0800019a   0x00000000   Code   RO         3544    .ARM.Collect$$rtentry$$00000000  c_w.l(__rtentry.o)
    0x0800019a   0x0800019a   0x00000000   Code   RO         3651    .ARM.Collect$$rtentry$$00000002  c_w.l(__rtentry2.o)
    0x0800019a   0x0800019a   0x00000006   Code   RO         3663    .ARM.Collect$$rtentry$$00000004  c_w.l(__rtentry4.o)
    0x080001a0   0x080001a0   0x00000000   Code   RO         3653    .ARM.Collect$$rtentry$$00000009  c_w.l(__rtentry2.o)
    0x080001a0   0x080001a0   0x00000004   Code   RO         3654    .ARM.Collect$$rtentry$$0000000A  c_w.l(__rtentry2.o)
    0x080001a4   0x080001a4   0x00000000   Code   RO         3656    .ARM.Collect$$rtentry$$0000000C  c_w.l(__rtentry2.o)
    0x080001a4   0x080001a4   0x00000008   Code   RO         3657    .ARM.Collect$$rtentry$$0000000D  c_w.l(__rtentry2.o)
    0x080001ac   0x080001ac   0x00000002   Code   RO         3786    .ARM.Collect$$rtexit$$00000000  c_w.l(rtexit.o)
    0x080001ae   0x080001ae   0x00000000   Code   RO         3811    .ARM.Collect$$rtexit$$00000002  c_w.l(rtexit2.o)
    0x080001ae   0x080001ae   0x00000004   Code   RO         3812    .ARM.Collect$$rtexit$$00000003  c_w.l(rtexit2.o)
    0x080001b2   0x080001b2   0x00000006   Code   RO         3813    .ARM.Collect$$rtexit$$00000004  c_w.l(rtexit2.o)
    0x080001b8   0x080001b8   0x00000040   Code   RO           20    .text               startup_stm32f10x_ld.o
    0x080001f8   0x080001f8   0x00000028   Code   RO         3338    .text               c_w.l(noretval__2sprintf.o)
    0x08000220   0x08000220   0x00000068   Code   RO         3340    .text               c_w.l(__printf.o)
    0x08000288   0x08000288   0x00000052   Code   RO         3342    .text               c_w.l(_printf_str.o)
    0x080002da   0x080002da   0x00000002   PAD
    0x080002dc   0x080002dc   0x00000078   Code   RO         3344    .text               c_w.l(_printf_dec.o)
    0x08000354   0x08000354   0x0000001a   Code   RO         3370    .text               c_w.l(atol.o)
    0x0800036e   0x0800036e   0x00000014   Code   RO         3372    .text               c_w.l(strchr.o)
    0x08000382   0x08000382   0x00000006   Code   RO         3374    .text               c_w.l(heapauxi.o)
    0x08000388   0x08000388   0x00000008   Code   RO         3548    .text               c_w.l(rt_errno_addr_intlibspace.o)
    0x08000390   0x08000390   0x00000016   Code   RO         3550    .text               c_w.l(_rserrno.o)
    0x080003a6   0x080003a6   0x000000b2   Code   RO         3552    .text               c_w.l(_printf_intcommon.o)
    0x08000458   0x08000458   0x0000041e   Code   RO         3554    .text               c_w.l(_printf_fp_dec.o)
    0x08000876   0x08000876   0x00000002   PAD
    0x08000878   0x08000878   0x00000030   Code   RO         3556    .text               c_w.l(_printf_char_common.o)
    0x080008a8   0x080008a8   0x0000000a   Code   RO         3558    .text               c_w.l(_sputc.o)
    0x080008b2   0x080008b2   0x0000002c   Code   RO         3560    .text               c_w.l(_printf_char.o)
    0x080008de   0x080008de   0x00000002   PAD
    0x080008e0   0x080008e0   0x000000a4   Code   RO         3563    .text               c_w.l(strtod.o)
    0x08000984   0x08000984   0x00000070   Code   RO         3565    .text               c_w.l(strtol.o)
    0x080009f4   0x080009f4   0x00000008   Code   RO         3647    .text               c_w.l(libspace.o)
    0x080009fc   0x080009fc   0x00000010   Code   RO         3665    .text               c_w.l(rt_ctype_table.o)
    0x08000a0c   0x08000a0c   0x00000008   Code   RO         3670    .text               c_w.l(rt_locale_intlibspace.o)
    0x08000a14   0x08000a14   0x0000008a   Code   RO         3672    .text               c_w.l(lludiv10.o)
    0x08000a9e   0x08000a9e   0x00000012   Code   RO         3674    .text               c_w.l(isspace.o)
    0x08000ab0   0x08000ab0   0x00000080   Code   RO         3676    .text               c_w.l(_printf_fp_infnan.o)
    0x08000b30   0x08000b30   0x00000040   Code   RO         3680    .text               c_w.l(_sgetc.o)
    0x08000b70   0x08000b70   0x0000009e   Code   RO         3682    .text               c_w.l(_strtoul.o)
    0x08000c0e   0x08000c0e   0x00000002   PAD
    0x08000c10   0x08000c10   0x000000e4   Code   RO         3684    .text               c_w.l(bigflt0.o)
    0x08000cf4   0x08000cf4   0x0000004a   Code   RO         3720    .text               c_w.l(sys_stackheap_outer.o)
    0x08000d3e   0x08000d3e   0x0000001c   Code   RO         3722    .text               c_w.l(_chval.o)
    0x08000d5a   0x08000d5a   0x00000002   PAD
    0x08000d5c   0x08000d5c   0x000004f8   Code   RO         3724    .text               c_w.l(scanf_fp.o)
    0x08001254   0x08001254   0x00000012   Code   RO         3729    .text               c_w.l(exit.o)
    0x08001266   0x08001266   0x00000002   PAD
    0x08001268   0x08001268   0x00000080   Code   RO         3731    .text               c_w.l(strcmpv7m.o)
    0x080012e8   0x080012e8   0x00000320   Code   RO         3817    .text               c_w.l(scanf_hexfp.o)
    0x08001608   0x08001608   0x00000134   Code   RO         3819    .text               c_w.l(scanf_infnan.o)
    0x0800173c   0x0800173c   0x0000000c   Code   RO         3831    .text               c_w.l(sys_exit.o)
    0x08001748   0x08001748   0x00000026   Code   RO         3835    .text               c_w.l(llshl.o)
    0x0800176e   0x0800176e   0x00000002   Code   RO         3856    .text               c_w.l(use_no_semi.o)
    0x08001770   0x08001770   0x00000000   Code   RO         3858    .text               c_w.l(indicate_semi.o)
    0x08001770   0x08001770   0x0000003e   Code   RO         3687    CL$$btod_d2e        c_w.l(btod.o)
    0x080017ae   0x080017ae   0x00000046   Code   RO         3689    CL$$btod_d2e_denorm_low  c_w.l(btod.o)
    0x080017f4   0x080017f4   0x00000060   Code   RO         3688    CL$$btod_d2e_norm_op1  c_w.l(btod.o)
    0x08001854   0x08001854   0x00000338   Code   RO         3697    CL$$btod_div_common  c_w.l(btod.o)
    0x08001b8c   0x08001b8c   0x00000084   Code   RO         3695    CL$$btod_e2d        c_w.l(btod.o)
    0x08001c10   0x08001c10   0x000000dc   Code   RO         3694    CL$$btod_e2e        c_w.l(btod.o)
    0x08001cec   0x08001cec   0x0000002a   Code   RO         3691    CL$$btod_ediv       c_w.l(btod.o)
    0x08001d16   0x08001d16   0x0000002a   Code   RO         3693    CL$$btod_edivd      c_w.l(btod.o)
    0x08001d40   0x08001d40   0x0000002a   Code   RO         3690    CL$$btod_emul       c_w.l(btod.o)
    0x08001d6a   0x08001d6a   0x0000002a   Code   RO         3692    CL$$btod_emuld      c_w.l(btod.o)
    0x08001d94   0x08001d94   0x00000244   Code   RO         3696    CL$$btod_mult_common  c_w.l(btod.o)
    0x08001fd8   0x08001fd8   0x00000002   Code   RO         3247    i.BusFault_Handler  stm32f10x_it.o
    0x08001fda   0x08001fda   0x00000002   Code   RO         3248    i.DebugMon_Handler  stm32f10x_it.o
    0x08001fdc   0x08001fdc   0x0000001a   Code   RO         3091    i.Delay_ms          systick_delay.o
    0x08001ff6   0x08001ff6   0x0000009c   Code   RO         1256    i.GPIO_Init         stm32f10x_gpio.o
    0x08002092   0x08002092   0x00000002   PAD
    0x08002094   0x08002094   0x000004d0   Code   RO         3139    i.Get_Key_Value     key.o
    0x08002564   0x08002564   0x0000077c   Code   RO         3217    i.Get_Operate_Number_And_Operate_Symbol_And_Calculate  calculator.o
    0x08002ce0   0x08002ce0   0x00000002   Code   RO         3249    i.HardFault_Handler  stm32f10x_it.o
    0x08002ce2   0x08002ce2   0x00000002   PAD
    0x08002ce4   0x08002ce4   0x0000006c   Code   RO         3140    i.KEY_Init          key.o
    0x08002d50   0x08002d50   0x00000006   Code   RO         3159    i.LCD1602_Clear_Screen  lcd1602.o
    0x08002d56   0x08002d56   0x00000026   Code   RO         3160    i.LCD1602_Display_Character  lcd1602.o
    0x08002d7c   0x08002d7c   0x00000042   Code   RO         3161    i.LCD1602_Display_String  lcd1602.o
    0x08002dbe   0x08002dbe   0x00000002   PAD
    0x08002dc0   0x08002dc0   0x00000040   Code   RO         3162    i.LCD1602_Init      lcd1602.o
    0x08002e00   0x08002e00   0x0000003c   Code   RO         3163    i.LCD1602_Write_Command  lcd1602.o
    0x08002e3c   0x08002e3c   0x0000003c   Code   RO         3164    i.LCD1602_Write_Data  lcd1602.o
    0x08002e78   0x08002e78   0x00000002   Code   RO         3250    i.MemManage_Handler  stm32f10x_it.o
    0x08002e7a   0x08002e7a   0x00000002   Code   RO         3251    i.NMI_Handler       stm32f10x_it.o
    0x08002e7c   0x08002e7c   0x00000002   Code   RO         3252    i.PendSV_Handler    stm32f10x_it.o
    0x08002e7e   0x08002e7e   0x00000002   PAD
    0x08002e80   0x08002e80   0x00000014   Code   RO         1670    i.RCC_ADCCLKConfig  stm32f10x_rcc.o
    0x08002e94   0x08002e94   0x00000018   Code   RO         1674    i.RCC_APB2PeriphClockCmd  stm32f10x_rcc.o
    0x08002eac   0x08002eac   0x00000040   Code   RO         1681    i.RCC_DeInit        stm32f10x_rcc.o
    0x08002eec   0x08002eec   0x00000030   Code   RO         1683    i.RCC_GetFlagStatus  stm32f10x_rcc.o
    0x08002f1c   0x08002f1c   0x00000010   Code   RO         1685    i.RCC_GetSYSCLKSource  stm32f10x_rcc.o
    0x08002f2c   0x08002f2c   0x00000014   Code   RO         1686    i.RCC_HCLKConfig    stm32f10x_rcc.o
    0x08002f40   0x08002f40   0x0000000c   Code   RO         1688    i.RCC_HSICmd        stm32f10x_rcc.o
    0x08002f4c   0x08002f4c   0x00000014   Code   RO         1693    i.RCC_PCLK1Config   stm32f10x_rcc.o
    0x08002f60   0x08002f60   0x00000014   Code   RO         1694    i.RCC_PCLK2Config   stm32f10x_rcc.o
    0x08002f74   0x08002f74   0x0000000c   Code   RO         1695    i.RCC_PLLCmd        stm32f10x_rcc.o
    0x08002f80   0x08002f80   0x00000014   Code   RO         1696    i.RCC_PLLConfig     stm32f10x_rcc.o
    0x08002f94   0x08002f94   0x00000014   Code   RO         1699    i.RCC_SYSCLKConfig  stm32f10x_rcc.o
    0x08002fa8   0x08002fa8   0x00000002   Code   RO         3253    i.SVC_Handler       stm32f10x_it.o
    0x08002faa   0x08002faa   0x0000005c   Code   RO         3304    i.SetSysClockTo48_HSI  system_stm32f10x.o
    0x08003006   0x08003006   0x00000002   Code   RO         3093    i.SysTick_Handler   systick_delay.o
    0x08003008   0x08003008   0x00000050   Code   RO         3306    i.SystemInit        system_stm32f10x.o
    0x08003058   0x08003058   0x00000002   Code   RO         3254    i.UsageFault_Handler  stm32f10x_it.o
    0x0800305a   0x0800305a   0x00000028   Code   RO         3625    i.__ARM_fpclassify  m_ws.l(fpclassify.o)
    0x08003082   0x08003082   0x00000002   PAD
    0x08003084   0x08003084   0x00000388   Code   RO         3630    i.__ieee754_rem_pio2  m_ws.l(rred.o)
    0x0800340c   0x0800340c   0x000000fc   Code   RO         3602    i.__kernel_cos      m_ws.l(cos_i.o)
    0x08003508   0x08003508   0x000000aa   Code   RO         3627    i.__kernel_poly     m_ws.l(poly.o)
    0x080035b2   0x080035b2   0x00000002   PAD
    0x080035b4   0x080035b4   0x000000ec   Code   RO         3635    i.__kernel_sin      m_ws.l(sin_i.o)
    0x080036a0   0x080036a0   0x0000027c   Code   RO         3641    i.__kernel_tan      m_ws.l(tan_i.o)
    0x0800391c   0x0800391c   0x00000010   Code   RO         3605    i.__mathlib_dbl_divzero  m_ws.l(dunder.o)
    0x0800392c   0x0800392c   0x00000006   Code   RO         3606    i.__mathlib_dbl_infnan  m_ws.l(dunder.o)
    0x08003932   0x08003932   0x00000004   Code   RO         3607    i.__mathlib_dbl_infnan2  m_ws.l(dunder.o)
    0x08003936   0x08003936   0x0000000c   Code   RO         3608    i.__mathlib_dbl_invalid  m_ws.l(dunder.o)
    0x08003942   0x08003942   0x0000000e   Code   RO         3609    i.__mathlib_dbl_overflow  m_ws.l(dunder.o)
    0x08003950   0x08003950   0x00000008   Code   RO         3610    i.__mathlib_dbl_posinfnan  m_ws.l(dunder.o)
    0x08003958   0x08003958   0x00000010   Code   RO         3611    i.__mathlib_dbl_underflow  m_ws.l(dunder.o)
    0x08003968   0x08003968   0x0000038c   Code   RO         3619    i.__mathlib_expm1   m_ws.l(expm1_i.o)
    0x08003cf4   0x08003cf4   0x00000010   Code   RO         3804    i.__mathlib_narrow  m_ws.l(narrow.o)
    0x08003d04   0x08003d04   0x000000bc   Code   RO         3805    i.__mathlib_tofloat  m_ws.l(narrow.o)
    0x08003dc0   0x08003dc0   0x00000016   Code   RO         3845    i.__support_ldexp   m_ws.l(ldexp.o)
    0x08003dd6   0x08003dd6   0x0000000e   Code   RO         3356    i._is_digit         c_w.l(__printf_wp.o)
    0x08003de4   0x08003de4   0x0000027c   Code   RO         3413    i.acos              m_ws.l(acos.o)
    0x08004060   0x08004060   0x00000270   Code   RO         3423    i.asin              m_ws.l(asin.o)
    0x080042d0   0x080042d0   0x00000220   Code   RO         3433    i.atan              m_ws.l(atan.o)
    0x080044f0   0x080044f0   0x0000002a   Code   RO         3443    i.atof              m_ws.l(atof.o)
    0x0800451a   0x0800451a   0x00000002   PAD
    0x0800451c   0x0800451c   0x0000009c   Code   RO         3447    i.cos               m_ws.l(cos.o)
    0x080045b8   0x080045b8   0x0000013c   Code   RO         3455    i.cosh              m_ws.l(cosh.o)
    0x080046f4   0x080046f4   0x00000284   Code   RO         3465    i.exp               m_ws.l(exp.o)
    0x08004978   0x08004978   0x00000058   Code   RO         3826    i.frexp             m_ws.l(frexp.o)
    0x080049d0   0x080049d0   0x00000074   Code   RO         3846    i.ldexp             m_ws.l(ldexp.o)
    0x08004a44   0x08004a44   0x0000035c   Code   RO         3475    i.log               m_ws.l(log.o)
    0x08004da0   0x08004da0   0x000000e4   Code   RO         3485    i.log10             m_ws.l(log10.o)
    0x08004e84   0x08004e84   0x0000000e   Code   RO         3056    i.main              main.o
    0x08004e92   0x08004e92   0x00000002   PAD
    0x08004e94   0x08004e94   0x000009d8   Code   RO         3493    i.pow               m_ws.l(pow.o)
    0x0800586c   0x0800586c   0x000000a0   Code   RO         3503    i.sin               m_ws.l(sin.o)
    0x0800590c   0x0800590c   0x00000168   Code   RO         3511    i.sinh              m_ws.l(sinh.o)
    0x08005a74   0x08005a74   0x0000004c   Code   RO         3521    i.sqrt              m_ws.l(sqrt.o)
    0x08005ac0   0x08005ac0   0x00000064   Code   RO         3529    i.tan               m_ws.l(tan.o)
    0x08005b24   0x08005b24   0x000000d4   Code   RO         3537    i.tanh              m_ws.l(tanh.o)
    0x08005bf8   0x08005bf8   0x0000002c   Code   RO         3710    locale$$code        c_w.l(lc_numeric_c.o)
    0x08005c24   0x08005c24   0x0000002c   Code   RO         3727    locale$$code        c_w.l(lc_ctype_c.o)
    0x08005c50   0x08005c50   0x00000062   Code   RO         3378    x$fpl$d2f           fz_ws.l(d2f.o)
    0x08005cb2   0x08005cb2   0x00000002   PAD
    0x08005cb4   0x08005cb4   0x00000150   Code   RO         3567    x$fpl$dadd          fz_ws.l(daddsub_clz.o)
    0x08005e04   0x08005e04   0x00000010   Code   RO         3712    x$fpl$dcheck1       fz_ws.l(dcheck1.o)
    0x08005e14   0x08005e14   0x00000018   Code   RO         3714    x$fpl$dcmpinf       fz_ws.l(dcmpi.o)
    0x08005e2c   0x08005e2c   0x000002b0   Code   RO         3574    x$fpl$ddiv          fz_ws.l(ddiv.o)
    0x080060dc   0x080060dc   0x00000078   Code   RO         3577    x$fpl$deqf          fz_ws.l(deqf.o)
    0x08006154   0x08006154   0x0000005e   Code   RO         3579    x$fpl$dfix          fz_ws.l(dfix.o)
    0x080061b2   0x080061b2   0x0000002e   Code   RO         3381    x$fpl$dflt          fz_ws.l(dflt_clz.o)
    0x080061e0   0x080061e0   0x00000026   Code   RO         3380    x$fpl$dfltu         fz_ws.l(dflt_clz.o)
    0x08006206   0x08006206   0x00000002   PAD
    0x08006208   0x08006208   0x00000078   Code   RO         3583    x$fpl$dleqf         fz_ws.l(dleqf.o)
    0x08006280   0x08006280   0x00000154   Code   RO         3585    x$fpl$dmul          fz_ws.l(dmul.o)
    0x080063d4   0x080063d4   0x0000009c   Code   RO         3587    x$fpl$dnaninf       fz_ws.l(dnaninf.o)
    0x08006470   0x08006470   0x0000000c   Code   RO         3589    x$fpl$dretinf       fz_ws.l(dretinf.o)
    0x0800647c   0x0800647c   0x0000006c   Code   RO         3591    x$fpl$drleqf        fz_ws.l(drleqf.o)
    0x080064e8   0x080064e8   0x00000016   Code   RO         3568    x$fpl$drsb          fz_ws.l(daddsub_clz.o)
    0x080064fe   0x080064fe   0x00000002   PAD
    0x08006500   0x08006500   0x000001cc   Code   RO         3593    x$fpl$dsqrt         fz_ws.l(dsqrt_noumaal.o)
    0x080066cc   0x080066cc   0x000001d4   Code   RO         3569    x$fpl$dsub          fz_ws.l(daddsub_clz.o)
    0x080068a0   0x080068a0   0x00000056   Code   RO         3386    x$fpl$f2d           fz_ws.l(f2d.o)
    0x080068f6   0x080068f6   0x00000002   PAD
    0x080068f8   0x080068f8   0x000000c4   Code   RO         3388    x$fpl$fadd          fz_ws.l(faddsub_clz.o)
    0x080069bc   0x080069bc   0x00000184   Code   RO         3395    x$fpl$fdiv          fz_ws.l(fdiv.o)
    0x08006b40   0x08006b40   0x00000036   Code   RO         3398    x$fpl$ffix          fz_ws.l(ffix.o)
    0x08006b76   0x08006b76   0x00000002   PAD
    0x08006b78   0x08006b78   0x00000030   Code   RO         3403    x$fpl$fflt          fz_ws.l(fflt_clz.o)
    0x08006ba8   0x08006ba8   0x00000026   Code   RO         3402    x$fpl$ffltu         fz_ws.l(fflt_clz.o)
    0x08006bce   0x08006bce   0x00000002   PAD
    0x08006bd0   0x08006bd0   0x00000102   Code   RO         3408    x$fpl$fmul          fz_ws.l(fmul.o)
    0x08006cd2   0x08006cd2   0x0000008c   Code   RO         3595    x$fpl$fnaninf       fz_ws.l(fnaninf.o)
    0x08006d5e   0x08006d5e   0x0000000a   Code   RO         3597    x$fpl$fretinf       fz_ws.l(fretinf.o)
    0x08006d68   0x08006d68   0x000000ea   Code   RO         3390    x$fpl$fsub          fz_ws.l(faddsub_clz.o)
    0x08006e52   0x08006e52   0x00000006   Code   RO         3716    x$fpl$ieeestatus    fz_ws.l(istatus.o)
    0x08006e58   0x08006e58   0x00000004   Code   RO         3410    x$fpl$printf1       fz_ws.l(printf1.o)
    0x08006e5c   0x08006e5c   0x00000064   Code   RO         3784    x$fpl$retnan        fz_ws.l(retnan.o)
    0x08006ec0   0x08006ec0   0x0000005c   Code   RO         3599    x$fpl$scalbn        fz_ws.l(scalbn.o)
    0x08006f1c   0x08006f1c   0x00000004   Code   RO         3718    x$fpl$scanf1        fz_ws.l(scanf1.o)
    0x08006f20   0x08006f20   0x00000008   Code   RO         3796    x$fpl$scanf2        fz_ws.l(scanf2.o)
    0x08006f28   0x08006f28   0x00000030   Code   RO         3802    x$fpl$trapveneer    fz_ws.l(trapv.o)
    0x08006f58   0x08006f58   0x00000000   Code   RO         3601    x$fpl$usenofp       fz_ws.l(usenofp.o)
    0x08006f58   0x08006f58   0x00000050   Data   RO         3414    .constdata          m_ws.l(acos.o)
    0x08006fa8   0x08006fa8   0x00000050   Data   RO         3424    .constdata          m_ws.l(asin.o)
    0x08006ff8   0x08006ff8   0x00000098   Data   RO         3434    .constdata          m_ws.l(atan.o)
    0x08007090   0x08007090   0x00000008   Data   RO         3456    .constdata          m_ws.l(cosh.o)
    0x08007098   0x08007098   0x00000058   Data   RO         3466    .constdata          m_ws.l(exp.o)
    0x080070f0   0x080070f0   0x00000038   Data   RO         3476    .constdata          m_ws.l(log.o)
    0x08007128   0x08007128   0x00000088   Data   RO         3494    .constdata          m_ws.l(pow.o)
    0x080071b0   0x080071b0   0x00000008   Data   RO         3512    .constdata          m_ws.l(sinh.o)
    0x080071b8   0x080071b8   0x00000030   Data   RO         3603    .constdata          m_ws.l(cos_i.o)
    0x080071e8   0x080071e8   0x00000028   Data   RO         3620    .constdata          m_ws.l(expm1_i.o)
    0x08007210   0x08007210   0x00000008   Data   RO         3629    .constdata          m_ws.l(qnan.o)
    0x08007218   0x08007218   0x000000c8   Data   RO         3632    .constdata          m_ws.l(rred.o)
    0x080072e0   0x080072e0   0x00000028   Data   RO         3636    .constdata          m_ws.l(sin_i.o)
    0x08007308   0x08007308   0x00000060   Data   RO         3642    .constdata          m_ws.l(tan_i.o)
    0x08007368   0x08007368   0x00000094   Data   RO         3685    .constdata          c_w.l(bigflt0.o)
    0x080073fc   0x080073fc   0x00000020   Data   RO         3905    Region$$Table       anon$$obj.o
    0x0800741c   0x0800741c   0x00000008   Data   RO         3790    c$$dinf             fz_ws.l(fpconst.o)
    0x08007424   0x08007424   0x00000008   Data   RO         3793    c$$dmax             fz_ws.l(fpconst.o)
    0x0800742c   0x0800742c   0x0000001c   Data   RO         3709    locale$$data        c_w.l(lc_numeric_c.o)
    0x08007448   0x08007448   0x00000110   Data   RO         3726    locale$$data        c_w.l(lc_ctype_c.o)


    Execution Region RW_IRAM1 (Exec base: 0x20000000, Load base: 0x08007558, Size: 0x000006a8, Max: 0x00002800, ABSOLUTE)

    Exec Addr    Load Addr    Size         Type   Attr      Idx    E Section Name        Object

    0x20000000   0x08007558   0x00000020   Data   RW         3219    .data               calculator.o
    0x20000020        -       0x00000022   Zero   RW         3218    .bss                calculator.o
    0x20000042   0x08007578   0x00000002   PAD
    0x20000044        -       0x00000060   Zero   RW         3648    .bss                c_w.l(libspace.o)
    0x200000a4   0x08007578   0x00000004   PAD
    0x200000a8        -       0x00000200   Zero   RW           18    HEAP                startup_stm32f10x_ld.o
    0x200002a8        -       0x00000400   Zero   RW           17    STACK               startup_stm32f10x_ld.o


==============================================================================

Image component sizes


      Code (inc. data)   RO Data    RW Data    ZI Data      Debug   Object Name

      1916        158          0         32         34       3923   calculator.o
         0          0          0          0          0       4540   core_cm3.o
      1340         14          0          0          0       2095   key.o
       294         24          0          0          0       3368   lcd1602.o
        14          0          0          0          0        407   main.o
         0          0          0          0          0     209476   misc.o
        64         26        236          0       1536        784   startup_stm32f10x_ld.o
       156          0          0          0          0       1928   stm32f10x_gpio.o
        16          0          0          0          0       3324   stm32f10x_it.o
       296         76          0          0          0       5973   stm32f10x_rcc.o
       172         16          0          0          0       1419   system_stm32f10x.o
        28          0          0          0          0       1033   systick_delay.o

    ----------------------------------------------------------------------
      4306        314        268         32       1572     238270   Object Totals
         0          0         32          0          0          0   (incl. Generated)
        10          0          0          0          2          0   (incl. Padding)

    ----------------------------------------------------------------------

      Code (inc. data)   RO Data    RW Data    ZI Data      Debug   Library Member Name

         8          0          0          0          0         68   __main.o
       104          0          0          0          0         84   __printf.o
        14          0          0          0          0         68   __printf_wp.o
         0          0          0          0          0          0   __rtentry.o
        12          0          0          0          0          0   __rtentry2.o
         6          0          0          0          0          0   __rtentry4.o
        52          8          0          0          0          0   __scatter.o
        26          0          0          0          0          0   __scatter_copy.o
        28          0          0          0          0          0   __scatter_zi.o
        28          0          0          0          0         68   _chval.o
        44          0          0          0          0        108   _printf_char.o
        48          6          0          0          0         96   _printf_char_common.o
         6          0          0          0          0          0   _printf_d.o
       120         16          0          0          0         92   _printf_dec.o
      1054          0          0          0          0        216   _printf_fp_dec.o
       128         16          0          0          0         84   _printf_fp_infnan.o
         6          0          0          0          0          0   _printf_g.o
       178          0          0          0          0         88   _printf_intcommon.o
         0          0          0          0          0          0   _printf_percent.o
         4          0          0          0          0          0   _printf_percent_end.o
         6          0          0          0          0          0   _printf_s.o
        82          0          0          0          0         80   _printf_str.o
        22          0          0          0          0        100   _rserrno.o
        64          0          0          0          0         84   _sgetc.o
        10          0          0          0          0         68   _sputc.o
       158          0          0          0          0         92   _strtoul.o
        26          0          0          0          0         80   atol.o
       228          4        148          0          0         96   bigflt0.o
      2152        136          0          0          0        960   btod.o
        18          0          0          0          0         80   exit.o
         6          0          0          0          0        152   heapauxi.o
         0          0          0          0          0          0   indicate_semi.o
        18          0          0          0          0         76   isspace.o
        44         10        272          0          0         76   lc_ctype_c.o
        44         10         28          0          0         76   lc_numeric_c.o
         2          0          0          0          0          0   libinit.o
        30          0          0          0          0          0   libinit2.o
         2          0          0          0          0          0   libshutdown.o
         2          0          0          0          0          0   libshutdown2.o
         8          4          0          0         96         68   libspace.o
        38          0          0          0          0         68   llshl.o
       138          0          0          0          0         80   lludiv10.o
        40          6          0          0          0         84   noretval__2sprintf.o
        16          4          0          0          0         76   rt_ctype_table.o
         8          4          0          0          0         68   rt_errno_addr_intlibspace.o
         8          4          0          0          0         68   rt_locale_intlibspace.o
         2          0          0          0          0          0   rtexit.o
        10          0          0          0          0          0   rtexit2.o
      1272         16          0          0          0        168   scanf_fp.o
       800         14          0          0          0        100   scanf_hexfp.o
       308         16          0          0          0        100   scanf_infnan.o
        20          0          0          0          0         68   strchr.o
       128          0          0          0          0         68   strcmpv7m.o
       164         14          0          0          0        120   strtod.o
       112          0          0          0          0         88   strtol.o
        12          4          0          0          0         68   sys_exit.o
        74          0          0          0          0         80   sys_stackheap_outer.o
         2          0          0          0          0         68   use_no_semi.o
        98          4          0          0          0         92   d2f.o
       826         16          0          0          0        348   daddsub_clz.o
        16          4          0          0          0         68   dcheck1.o
        24          0          0          0          0         68   dcmpi.o
       688        140          0          0          0        208   ddiv.o
       120          4          0          0          0         92   deqf.o
        94          4          0          0          0         92   dfix.o
        84          0          0          0          0        136   dflt_clz.o
       120          4          0          0          0         92   dleqf.o
       340         12          0          0          0        104   dmul.o
       156          4          0          0          0         92   dnaninf.o
        12          0          0          0          0         68   dretinf.o
       108          0          0          0          0         80   drleqf.o
       460         56          0          0          0        120   dsqrt_noumaal.o
        86          4          0          0          0         84   f2d.o
       430          8          0          0          0        168   faddsub_clz.o
       388         76          0          0          0         96   fdiv.o
        54          4          0          0          0         84   ffix.o
        86          0          0          0          0        136   fflt_clz.o
       258          4          0          0          0         84   fmul.o
       140          4          0          0          0         84   fnaninf.o
         0          0         16          0          0          0   fpconst.o
        10          0          0          0          0         68   fretinf.o
         6          0          0          0          0         68   istatus.o
         4          0          0          0          0         68   printf1.o
       100          0          0          0          0         68   retnan.o
        92          0          0          0          0         68   scalbn.o
         4          0          0          0          0         68   scanf1.o
         8          0          0          0          0         84   scanf2.o
        48          0          0          0          0         68   trapv.o
         0          0          0          0          0          0   usenofp.o
       636         62         80          0          0        188   acos.o
       624         52         80          0          0        168   asin.o
       544         70        152          0          0        124   atan.o
        42          0          0          0          0         84   atof.o
       156          8          0          0          0        104   cos.o
       252         22         48          0          0        124   cos_i.o
       316         38          8          0          0        176   cosh.o
        76         10          0          0          0        476   dunder.o
       644         90         88          0          0        204   exp.o
       908         96         40          0          0        228   expm1_i.o
        40          0          0          0          0         68   fpclassify.o
        88          8          0          0          0         76   frexp.o
       138          0          0          0          0        160   ldexp.o
       860         52         56          0          0        256   log.o
       228         30          0          0          0        120   log10.o
       204          4          0          0          0        168   narrow.o
       170          0          0          0          0         96   poly.o
      2520        190        136          0          0        324   pow.o
         0          0          8          0          0          0   qnan.o
       904         76        200          0          0        140   rred.o
       160         10          0          0          0        108   sin.o
       236         12         40          0          0        128   sin_i.o
       360         42          8          0          0        184   sinh.o
        76          0          0          0          0         84   sqrt.o
       100         10          0          0          0         96   tan.o
       636         50         96          0          0        168   tan_i.o
       212         14          0          0          0         96   tanh.o

    ----------------------------------------------------------------------
     23962       1586       1504          0        100      11536   Library Totals
        32          0          0          0          4          0   (incl. Padding)

    ----------------------------------------------------------------------

      Code (inc. data)   RO Data    RW Data    ZI Data      Debug   Library Name

      7940        292        448          0         96       4432   c_w.l
      4860        348         16          0          0       2956   fz_ws.l
     11130        946       1040          0          0       4148   m_ws.l

    ----------------------------------------------------------------------
     23962       1586       1504          0        100      11536   Library Totals

    ----------------------------------------------------------------------

==============================================================================


      Code (inc. data)   RO Data    RW Data    ZI Data      Debug   

     28268       1900       1772         32       1672     242262   Grand Totals
     28268       1900       1772         32       1672     242262   ELF Image Totals
     28268       1900       1772         32          0          0   ROM Totals

==============================================================================

    Total RO  Size (Code + RO Data)                30040 (  29.34kB)
    Total RW  Size (RW Data + ZI Data)              1704 (   1.66kB)
    Total ROM Size (Code + RO Data + RW Data)      30072 (  29.37kB)

==============================================================================

